Component: Arm Compiler for Embedded 6.22 Tool: armlink [5ee90200]

==============================================================================

Section Cross References

    main.o(.text) refers to stm32f10x_rcc.o(.text) for RCC_APB2PeriphClockCmd
    main.o(.text) refers to stm32f10x_gpio.o(.text) for GPIO_Init
    main.o(.text) refers to main.o(.rodata.str1.1) for .L.str
    main.o(.text) refers to tinycmd.o(.text) for TinyCmd_Arg_Check
    main.o(.text) refers to delay.o(.text) for Delay_ms
    main.o(.text) refers to usart.o(.text) for USART1_Init
    main.o(.text) refers to main.o(.data.Cmd1) for Cmd1
    main.o(.text) refers to stm32f10x_usart.o(.text) for USART_GetITStatus
    main.o(.text) refers to tinycmd.o(.bss.TinyCmd_buf) for TinyCmd_buf
    main.o(.ARM.exidx) refers to main.o(.text) for [Anonymous Symbol]
    main.o(.data.Cmd1) refers to main.o(.text) for LED_Callback
    usart.o(.text) refers to stm32f10x_rcc.o(.text) for RCC_APB2PeriphClockCmd
    usart.o(.text) refers to stm32f10x_gpio.o(.text) for GPIO_Init
    usart.o(.text) refers to stm32f10x_usart.o(.text) for USART_Init
    usart.o(.text) refers to misc.o(.text) for NVIC_PriorityGroupConfig
    usart.o(.text) refers to usart.o(.rodata.str1.1) for .L.str
    usart.o(.ARM.exidx) refers to usart.o(.text) for [Anonymous Symbol]
    delay.o(.ARM.exidx) refers to delay.o(.text) for [Anonymous Symbol]
    tinycmd.o(.text) refers to tinycmd.o(.rodata.str1.1) for .L.str
    tinycmd.o(.text) refers to tinycmd.o(.bss.TinyCmd_buf) for TinyCmd_buf
    tinycmd.o(.text) refers to tinycmd.o(.bss.token_count) for token_count
    tinycmd.o(.text) refers to tinycmd.o(.bss.strtok_next) for strtok_next
    tinycmd.o(.text) refers to tinycmd.o(.bss.TinyCmdRunning_Cmd) for TinyCmdRunning_Cmd
    tinycmd.o(.text) refers to dflti.o(.text) for __aeabi_i2d
    tinycmd.o(.text) refers to dmul.o(.text) for __aeabi_dmul
    tinycmd.o(.text) refers to dadd.o(.text) for __aeabi_dadd
    tinycmd.o(.text) refers to ddiv.o(.text) for __aeabi_ddiv
    tinycmd.o(.text) refers to d2f.o(.text) for __aeabi_d2f
    tinycmd.o(.ARM.exidx) refers to tinycmd.o(.text) for [Anonymous Symbol]
    misc.o(.ARM.exidx) refers to misc.o(.text) for [Anonymous Symbol]
    stm32f10x_adc.o(.text) refers to stm32f10x_rcc.o(.text) for RCC_APB2PeriphResetCmd
    stm32f10x_adc.o(.ARM.exidx) refers to stm32f10x_adc.o(.text) for [Anonymous Symbol]
    stm32f10x_bkp.o(.text) refers to stm32f10x_rcc.o(.text) for RCC_BackupResetCmd
    stm32f10x_bkp.o(.ARM.exidx) refers to stm32f10x_bkp.o(.text) for [Anonymous Symbol]
    stm32f10x_can.o(.text) refers to stm32f10x_rcc.o(.text) for RCC_APB1PeriphResetCmd
    stm32f10x_can.o(.ARM.exidx) refers to stm32f10x_can.o(.text) for [Anonymous Symbol]
    stm32f10x_cec.o(.text) refers to stm32f10x_rcc.o(.text) for RCC_APB1PeriphResetCmd
    stm32f10x_cec.o(.ARM.exidx) refers to stm32f10x_cec.o(.text) for [Anonymous Symbol]
    stm32f10x_crc.o(.ARM.exidx) refers to stm32f10x_crc.o(.text) for [Anonymous Symbol]
    stm32f10x_dac.o(.text) refers to stm32f10x_rcc.o(.text) for RCC_APB1PeriphResetCmd
    stm32f10x_dac.o(.ARM.exidx) refers to stm32f10x_dac.o(.text) for [Anonymous Symbol]
    stm32f10x_dbgmcu.o(.ARM.exidx) refers to stm32f10x_dbgmcu.o(.text) for [Anonymous Symbol]
    stm32f10x_dma.o(.ARM.exidx) refers to stm32f10x_dma.o(.text) for [Anonymous Symbol]
    stm32f10x_exti.o(.ARM.exidx) refers to stm32f10x_exti.o(.text) for [Anonymous Symbol]
    stm32f10x_flash.o(.ARM.exidx) refers to stm32f10x_flash.o(.text) for [Anonymous Symbol]
    stm32f10x_fsmc.o(.ARM.exidx) refers to stm32f10x_fsmc.o(.text) for [Anonymous Symbol]
    stm32f10x_gpio.o(.text) refers to stm32f10x_rcc.o(.text) for RCC_APB2PeriphResetCmd
    stm32f10x_gpio.o(.ARM.exidx) refers to stm32f10x_gpio.o(.text) for [Anonymous Symbol]
    stm32f10x_i2c.o(.text) refers to stm32f10x_rcc.o(.text) for RCC_APB1PeriphResetCmd
    stm32f10x_i2c.o(.ARM.exidx) refers to stm32f10x_i2c.o(.text) for [Anonymous Symbol]
    stm32f10x_iwdg.o(.ARM.exidx) refers to stm32f10x_iwdg.o(.text) for [Anonymous Symbol]
    stm32f10x_pwr.o(.text) refers to stm32f10x_rcc.o(.text) for RCC_APB1PeriphResetCmd
    stm32f10x_pwr.o(.ARM.exidx) refers to stm32f10x_pwr.o(.text) for [Anonymous Symbol]
    stm32f10x_rcc.o(.text) refers to stm32f10x_rcc.o(.rodata.APBAHBPrescTable) for APBAHBPrescTable
    stm32f10x_rcc.o(.text) refers to stm32f10x_rcc.o(.rodata.ADCPrescTable) for ADCPrescTable
    stm32f10x_rcc.o(.ARM.exidx) refers to stm32f10x_rcc.o(.text) for [Anonymous Symbol]
    stm32f10x_rtc.o(.ARM.exidx) refers to stm32f10x_rtc.o(.text) for [Anonymous Symbol]
    stm32f10x_sdio.o(.ARM.exidx) refers to stm32f10x_sdio.o(.text) for [Anonymous Symbol]
    stm32f10x_spi.o(.text) refers to stm32f10x_rcc.o(.text) for RCC_APB2PeriphResetCmd
    stm32f10x_spi.o(.ARM.exidx) refers to stm32f10x_spi.o(.text) for [Anonymous Symbol]
    stm32f10x_tim.o(.text) refers to stm32f10x_rcc.o(.text) for RCC_APB2PeriphResetCmd
    stm32f10x_tim.o(.ARM.exidx) refers to stm32f10x_tim.o(.text) for [Anonymous Symbol]
    stm32f10x_usart.o(.text) refers to stm32f10x_rcc.o(.text) for RCC_APB2PeriphResetCmd
    stm32f10x_usart.o(.ARM.exidx) refers to stm32f10x_usart.o(.text) for [Anonymous Symbol]
    stm32f10x_wwdg.o(.text) refers to stm32f10x_rcc.o(.text) for RCC_APB1PeriphResetCmd
    stm32f10x_wwdg.o(.ARM.exidx) refers to stm32f10x_wwdg.o(.text) for [Anonymous Symbol]
    startup_stm32f10x_md.o(RESET) refers to startup_stm32f10x_md.o(STACK) for __initial_sp
    startup_stm32f10x_md.o(RESET) refers to startup_stm32f10x_md.o(.text) for Reset_Handler
    startup_stm32f10x_md.o(RESET) refers to main.o(.text) for USART1_IRQHandler
    startup_stm32f10x_md.o(.text) refers to system_stm32f10x.o(.text) for SystemInit
    startup_stm32f10x_md.o(.text) refers to entry.o(.ARM.Collect$$$$00000000) for __main
    system_stm32f10x.o(.text) refers to system_stm32f10x.o(.data.SystemCoreClock) for SystemCoreClock
    system_stm32f10x.o(.text) refers to system_stm32f10x.o(.rodata.AHBPrescTable) for AHBPrescTable
    system_stm32f10x.o(.ARM.exidx) refers to system_stm32f10x.o(.text) for [Anonymous Symbol]
    entry.o(.ARM.Collect$$$$00000000) refers (Special) to entry10a.o(.ARM.Collect$$$$0000000D) for __rt_final_cpp
    entry.o(.ARM.Collect$$$$00000000) refers (Special) to entry11a.o(.ARM.Collect$$$$0000000F) for __rt_final_exit
    entry.o(.ARM.Collect$$$$00000000) refers (Special) to entry7b.o(.ARM.Collect$$$$00000008) for _main_clock
    entry.o(.ARM.Collect$$$$00000000) refers (Special) to entry8b.o(.ARM.Collect$$$$0000000A) for _main_cpp_init
    entry.o(.ARM.Collect$$$$00000000) refers (Special) to entry9a.o(.ARM.Collect$$$$0000000B) for _main_init
    entry.o(.ARM.Collect$$$$00000000) refers (Special) to entry5.o(.ARM.Collect$$$$00000004) for _main_scatterload
    entry.o(.ARM.Collect$$$$00000000) refers (Special) to entry2.o(.ARM.Collect$$$$00000001) for _main_stk
    dadd.o(.text) refers (Special) to iusefp.o(.text) for __I$use$fp
    dadd.o(.text) refers to llshl.o(.text) for __aeabi_llsl
    dadd.o(.text) refers to llsshr.o(.text) for __aeabi_lasr
    dadd.o(.text) refers to depilogue.o(.text) for _double_epilogue
    dmul.o(.text) refers (Special) to iusefp.o(.text) for __I$use$fp
    dmul.o(.text) refers to depilogue.o(.text) for _double_epilogue
    ddiv.o(.text) refers (Special) to iusefp.o(.text) for __I$use$fp
    ddiv.o(.text) refers to depilogue.o(.text) for _double_round
    dflti.o(.text) refers (Special) to iusefp.o(.text) for __I$use$fp
    dflti.o(.text) refers to depilogue.o(.text) for _double_epilogue
    d2f.o(.text) refers (Special) to iusefp.o(.text) for __I$use$fp
    d2f.o(.text) refers to fepilogue.o(.text) for _float_round
    entry2.o(.ARM.Collect$$$$00000001) refers to entry2.o(.ARM.Collect$$$$00002712) for __lit__00000000
    entry2.o(.ARM.Collect$$$$00002712) refers to startup_stm32f10x_md.o(STACK) for __initial_sp
    entry2.o(__vectab_stack_and_reset_area) refers to startup_stm32f10x_md.o(STACK) for __initial_sp
    entry2.o(__vectab_stack_and_reset_area) refers to entry.o(.ARM.Collect$$$$00000000) for __main
    entry5.o(.ARM.Collect$$$$00000004) refers to init.o(.text) for __scatterload
    entry9a.o(.ARM.Collect$$$$0000000B) refers to main.o(.text) for main
    entry9b.o(.ARM.Collect$$$$0000000C) refers to main.o(.text) for main
    fepilogue.o(.text) refers (Special) to iusefp.o(.text) for __I$use$fp
    depilogue.o(.text) refers (Special) to iusefp.o(.text) for __I$use$fp
    depilogue.o(.text) refers to llshl.o(.text) for __aeabi_llsl
    depilogue.o(.text) refers to llushr.o(.text) for __aeabi_llsr
    init.o(.text) refers to entry5.o(.ARM.Collect$$$$00000004) for __main_after_scatterload


==============================================================================

Removing Unused input sections from the image.

    Removing main.o(.ARM.exidx), (32 bytes).
    Removing main.o(.ARM.use_no_argv), (4 bytes).
    Removing usart.o(.ARM.exidx), (24 bytes).
    Removing delay.o(.ARM.exidx), (24 bytes).
    Removing tinycmd.o(.ARM.exidx), (144 bytes).
    Removing misc.o(.ARM.exidx), (40 bytes).
    Removing stm32f10x_adc.o(.text), (2200 bytes).
    Removing stm32f10x_adc.o(.ARM.exidx), (288 bytes).
    Removing stm32f10x_bkp.o(.text), (358 bytes).
    Removing stm32f10x_bkp.o(.ARM.exidx), (96 bytes).
    Removing stm32f10x_can.o(.text), (3882 bytes).
    Removing stm32f10x_can.o(.ARM.exidx), (200 bytes).
    Removing stm32f10x_cec.o(.text), (550 bytes).
    Removing stm32f10x_cec.o(.ARM.exidx), (112 bytes).
    Removing stm32f10x_crc.o(.text), (156 bytes).
    Removing stm32f10x_crc.o(.ARM.exidx), (48 bytes).
    Removing stm32f10x_dac.o(.text), (676 bytes).
    Removing stm32f10x_dac.o(.ARM.exidx), (96 bytes).
    Removing stm32f10x_dbgmcu.o(.text), (84 bytes).
    Removing stm32f10x_dbgmcu.o(.ARM.exidx), (24 bytes).
    Removing stm32f10x_dma.o(.text), (974 bytes).
    Removing stm32f10x_dma.o(.ARM.exidx), (88 bytes).
    Removing stm32f10x_exti.o(.text), (504 bytes).
    Removing stm32f10x_exti.o(.ARM.exidx), (64 bytes).
    Removing stm32f10x_flash.o(.text), (2436 bytes).
    Removing stm32f10x_flash.o(.ARM.exidx), (224 bytes).
    Removing stm32f10x_fsmc.o(.text), (2068 bytes).
    Removing stm32f10x_fsmc.o(.ARM.exidx), (152 bytes).
    Removing stm32f10x_gpio.o(.ARM.exidx), (144 bytes).
    Removing stm32f10x_i2c.o(.text), (1870 bytes).
    Removing stm32f10x_i2c.o(.ARM.exidx), (264 bytes).
    Removing stm32f10x_iwdg.o(.text), (152 bytes).
    Removing stm32f10x_iwdg.o(.ARM.exidx), (48 bytes).
    Removing stm32f10x_pwr.o(.text), (338 bytes).
    Removing stm32f10x_pwr.o(.ARM.exidx), (72 bytes).
    Removing stm32f10x_rcc.o(.ARM.exidx), (256 bytes).
    Removing stm32f10x_rtc.o(.text), (640 bytes).
    Removing stm32f10x_rtc.o(.ARM.exidx), (112 bytes).
    Removing stm32f10x_sdio.o(.text), (988 bytes).
    Removing stm32f10x_sdio.o(.ARM.exidx), (240 bytes).
    Removing stm32f10x_spi.o(.text), (1464 bytes).
    Removing stm32f10x_spi.o(.ARM.exidx), (184 bytes).
    Removing stm32f10x_tim.o(.text), (7630 bytes).
    Removing stm32f10x_tim.o(.ARM.exidx), (728 bytes).
    Removing stm32f10x_usart.o(.ARM.exidx), (232 bytes).
    Removing stm32f10x_wwdg.o(.text), (214 bytes).
    Removing stm32f10x_wwdg.o(.ARM.exidx), (64 bytes).
    Removing startup_stm32f10x_md.o(HEAP), (512 bytes).
    Removing system_stm32f10x.o(.ARM.exidx), (32 bytes).

49 unused section(s) (total 31732 bytes) removed from the image.

==============================================================================

Image Symbol Table

    Local Symbols

    Symbol Name                              Value     Ov Type        Size  Object(Section)

    ../clib/microlib/init/entry.s            0x00000000   Number         0  entry.o ABSOLUTE
    ../clib/microlib/init/entry.s            0x00000000   Number         0  entry2.o ABSOLUTE
    ../clib/microlib/init/entry.s            0x00000000   Number         0  entry5.o ABSOLUTE
    ../clib/microlib/init/entry.s            0x00000000   Number         0  entry7a.o ABSOLUTE
    ../clib/microlib/init/entry.s            0x00000000   Number         0  entry7b.o ABSOLUTE
    ../clib/microlib/init/entry.s            0x00000000   Number         0  entry8a.o ABSOLUTE
    ../clib/microlib/init/entry.s            0x00000000   Number         0  entry8b.o ABSOLUTE
    ../clib/microlib/init/entry.s            0x00000000   Number         0  entry9a.o ABSOLUTE
    ../clib/microlib/init/entry.s            0x00000000   Number         0  entry9b.o ABSOLUTE
    ../clib/microlib/init/entry.s            0x00000000   Number         0  entry10a.o ABSOLUTE
    ../clib/microlib/init/entry.s            0x00000000   Number         0  entry10b.o ABSOLUTE
    ../clib/microlib/init/entry.s            0x00000000   Number         0  entry11a.o ABSOLUTE
    ../clib/microlib/init/entry.s            0x00000000   Number         0  entry11b.o ABSOLUTE
    ../clib/microlib/longlong.c              0x00000000   Number         0  llshl.o ABSOLUTE
    ../clib/microlib/longlong.c              0x00000000   Number         0  llsshr.o ABSOLUTE
    ../clib/microlib/longlong.c              0x00000000   Number         0  llushr.o ABSOLUTE
    ../clib/microlib/stubs.s                 0x00000000   Number         0  iusefp.o ABSOLUTE
    ../fplib/microlib/d2f.c                  0x00000000   Number         0  d2f.o ABSOLUTE
    ../fplib/microlib/fpadd.c                0x00000000   Number         0  dadd.o ABSOLUTE
    ../fplib/microlib/fpdiv.c                0x00000000   Number         0  ddiv.o ABSOLUTE
    ../fplib/microlib/fpepilogue.c           0x00000000   Number         0  fepilogue.o ABSOLUTE
    ../fplib/microlib/fpepilogue.c           0x00000000   Number         0  depilogue.o ABSOLUTE
    ../fplib/microlib/fpflt.c                0x00000000   Number         0  dflti.o ABSOLUTE
    ../fplib/microlib/fpmul.c                0x00000000   Number         0  dmul.o ABSOLUTE
    Delay.c                                  0x00000000   Number         0  delay.o ABSOLUTE
    RTE/Device/STM32F103CB/startup_stm32f10x_md.s 0x00000000   Number         0  startup_stm32f10x_md.o ABSOLUTE
    TinyCmd.c                                0x00000000   Number         0  tinycmd.o ABSOLUTE
    USART.c                                  0x00000000   Number         0  usart.o ABSOLUTE
    dc.s                                     0x00000000   Number         0  dc.o ABSOLUTE
    handlers.s                               0x00000000   Number         0  handlers.o ABSOLUTE
    init.s                                   0x00000000   Number         0  init.o ABSOLUTE
    main.c                                   0x00000000   Number         0  main.o ABSOLUTE
    misc.c                                   0x00000000   Number         0  misc.o ABSOLUTE
    stm32f10x_adc.c                          0x00000000   Number         0  stm32f10x_adc.o ABSOLUTE
    stm32f10x_bkp.c                          0x00000000   Number         0  stm32f10x_bkp.o ABSOLUTE
    stm32f10x_can.c                          0x00000000   Number         0  stm32f10x_can.o ABSOLUTE
    stm32f10x_cec.c                          0x00000000   Number         0  stm32f10x_cec.o ABSOLUTE
    stm32f10x_crc.c                          0x00000000   Number         0  stm32f10x_crc.o ABSOLUTE
    stm32f10x_dac.c                          0x00000000   Number         0  stm32f10x_dac.o ABSOLUTE
    stm32f10x_dbgmcu.c                       0x00000000   Number         0  stm32f10x_dbgmcu.o ABSOLUTE
    stm32f10x_dma.c                          0x00000000   Number         0  stm32f10x_dma.o ABSOLUTE
    stm32f10x_exti.c                         0x00000000   Number         0  stm32f10x_exti.o ABSOLUTE
    stm32f10x_flash.c                        0x00000000   Number         0  stm32f10x_flash.o ABSOLUTE
    stm32f10x_fsmc.c                         0x00000000   Number         0  stm32f10x_fsmc.o ABSOLUTE
    stm32f10x_gpio.c                         0x00000000   Number         0  stm32f10x_gpio.o ABSOLUTE
    stm32f10x_i2c.c                          0x00000000   Number         0  stm32f10x_i2c.o ABSOLUTE
    stm32f10x_iwdg.c                         0x00000000   Number         0  stm32f10x_iwdg.o ABSOLUTE
    stm32f10x_pwr.c                          0x00000000   Number         0  stm32f10x_pwr.o ABSOLUTE
    stm32f10x_rcc.c                          0x00000000   Number         0  stm32f10x_rcc.o ABSOLUTE
    stm32f10x_rtc.c                          0x00000000   Number         0  stm32f10x_rtc.o ABSOLUTE
    stm32f10x_sdio.c                         0x00000000   Number         0  stm32f10x_sdio.o ABSOLUTE
    stm32f10x_spi.c                          0x00000000   Number         0  stm32f10x_spi.o ABSOLUTE
    stm32f10x_tim.c                          0x00000000   Number         0  stm32f10x_tim.o ABSOLUTE
    stm32f10x_usart.c                        0x00000000   Number         0  stm32f10x_usart.o ABSOLUTE
    stm32f10x_wwdg.c                         0x00000000   Number         0  stm32f10x_wwdg.o ABSOLUTE
    system_stm32f10x.c                       0x00000000   Number         0  system_stm32f10x.o ABSOLUTE
    RESET                                    0x08000000   Section      236  startup_stm32f10x_md.o(RESET)
    .ARM.Collect$$$$00000000                 0x080000ec   Section        0  entry.o(.ARM.Collect$$$$00000000)
    .ARM.Collect$$$$00000001                 0x080000ec   Section        4  entry2.o(.ARM.Collect$$$$00000001)
    .ARM.Collect$$$$00000004                 0x080000f0   Section        4  entry5.o(.ARM.Collect$$$$00000004)
    .ARM.Collect$$$$00000008                 0x080000f4   Section        0  entry7b.o(.ARM.Collect$$$$00000008)
    .ARM.Collect$$$$0000000A                 0x080000f4   Section        0  entry8b.o(.ARM.Collect$$$$0000000A)
    .ARM.Collect$$$$0000000B                 0x080000f4   Section        8  entry9a.o(.ARM.Collect$$$$0000000B)
    __lit__00000000                          0x080000fc   Data           4  entry2.o(.ARM.Collect$$$$00002712)
    .ARM.Collect$$$$0000000D                 0x080000fc   Section        0  entry10a.o(.ARM.Collect$$$$0000000D)
    .ARM.Collect$$$$0000000F                 0x080000fc   Section        0  entry11a.o(.ARM.Collect$$$$0000000F)
    .ARM.Collect$$$$00002712                 0x080000fc   Section        4  entry2.o(.ARM.Collect$$$$00002712)
    [Anonymous Symbol]                       0x08000100   Section        0  main.o(.text)
    [Anonymous Symbol]                       0x080002cc   Section        0  usart.o(.text)
    [Anonymous Symbol]                       0x080003f4   Section        0  delay.o(.text)
    [Anonymous Symbol]                       0x08000488   Section        0  tinycmd.o(.text)
    TinyCmd_trim                             0x08000591   Thumb Code   158  tinycmd.o(.text)
    TinyCmd_strtok_s                         0x08000631   Thumb Code   210  tinycmd.o(.text)
    TinyCmd_strcmp                           0x08000705   Thumb Code    90  tinycmd.o(.text)
    TinyCmd_Buf_Clear                        0x08000761   Thumb Code   126  tinycmd.o(.text)
    TinyCmd_strlen                           0x08000881   Thumb Code    38  tinycmd.o(.text)
    TinyCmd_isspace                          0x08000975   Thumb Code    88  tinycmd.o(.text)
    TinyCmd_isdigit                          0x080009cd   Thumb Code    40  tinycmd.o(.text)
    TinyCmd_strchr                           0x08000d7d   Thumb Code    82  tinycmd.o(.text)
    [Anonymous Symbol]                       0x08000dd0   Section        0  misc.o(.text)
    [Anonymous Symbol]                       0x08000f28   Section        0  stm32f10x_gpio.o(.text)
    [Anonymous Symbol]                       0x080014d8   Section        0  stm32f10x_rcc.o(.text)
    [Anonymous Symbol]                       0x08001bd4   Section        0  stm32f10x_usart.o(.text)
    .text                                    0x08002308   Section       36  startup_stm32f10x_md.o(.text)
    [Anonymous Symbol]                       0x0800232c   Section        0  system_stm32f10x.o(.text)
    SetSysClock                              0x08002395   Thumb Code     8  system_stm32f10x.o(.text)
    SetSysClockTo72                          0x080024c1   Thumb Code   290  system_stm32f10x.o(.text)
    .text                                    0x080025e2   Section        0  dadd.o(.text)
    .text                                    0x08002730   Section        0  dmul.o(.text)
    .text                                    0x08002814   Section        0  ddiv.o(.text)
    .text                                    0x080028f2   Section        0  dflti.o(.text)
    .text                                    0x08002914   Section        0  d2f.o(.text)
    .text                                    0x0800294c   Section        0  llshl.o(.text)
    .text                                    0x0800296a   Section        0  llsshr.o(.text)
    .text                                    0x0800298e   Section        0  iusefp.o(.text)
    .text                                    0x0800298e   Section        0  fepilogue.o(.text)
    .text                                    0x080029fc   Section        0  depilogue.o(.text)
    .text                                    0x08002ab8   Section       48  init.o(.text)
    .text                                    0x08002ae8   Section        0  llushr.o(.text)
    i.__scatterload_copy                     0x08002b08   Section       14  handlers.o(i.__scatterload_copy)
    i.__scatterload_null                     0x08002b16   Section        2  handlers.o(i.__scatterload_null)
    i.__scatterload_zeroinit                 0x08002b18   Section       14  handlers.o(i.__scatterload_zeroinit)
    ADCPrescTable                            0x08002b26   Data           4  stm32f10x_rcc.o(.rodata.ADCPrescTable)
    [Anonymous Symbol]                       0x08002b26   Section        0  stm32f10x_rcc.o(.rodata.ADCPrescTable)
    APBAHBPrescTable                         0x08002b3a   Data          16  stm32f10x_rcc.o(.rodata.APBAHBPrescTable)
    [Anonymous Symbol]                       0x08002b3a   Section        0  stm32f10x_rcc.o(.rodata.APBAHBPrescTable)
    .L.str.3                                 0x08002b4a   Data          17  main.o(.rodata.str1.1)
    [Anonymous Symbol]                       0x08002b4a   Section        0  main.o(.rodata.str1.1)
    .L.str.1                                 0x08002b5b   Data           4  main.o(.rodata.str1.1)
    .L.str                                   0x08002b5f   Data           3  main.o(.rodata.str1.1)
    .L.str.2                                 0x08002b62   Data           6  main.o(.rodata.str1.1)
    .L.str                                   0x08002b68   Data          15  usart.o(.rodata.str1.1)
    [Anonymous Symbol]                       0x08002b68   Section        0  usart.o(.rodata.str1.1)
    .L.str                                   0x08002b77   Data           2  tinycmd.o(.rodata.str1.1)
    [Anonymous Symbol]                       0x08002b77   Section        0  tinycmd.o(.rodata.str1.1)
    strtok_next                              0x2000008c   Data           4  tinycmd.o(.bss.strtok_next)
    [Anonymous Symbol]                       0x2000008c   Section        0  tinycmd.o(.bss.strtok_next)
    STACK                                    0x20000098   Section     1024  startup_stm32f10x_md.o(STACK)

    Global Symbols

    Symbol Name                              Value     Ov Type        Size  Object(Section)

    BuildAttributes$$THM_ISAv4$P$D$K$B$S$PE$A:L22UL41UL21$X:L11$S22US41US21$IEEE1$IW$~IW$USESV6$~STKCKD$USESV7$WCHAR32$ENUMINT$~SHL$OTIME$ROPI$EBA8$MICROLIB$REQ8$PRES8$EABIv2 0x00000000   Number         0  anon$$obj.o ABSOLUTE
    __cpp_initialize__aeabi_                  - Undefined Weak Reference
    __cxa_finalize                            - Undefined Weak Reference
    __decompress                              - Undefined Weak Reference
    _clock_init                               - Undefined Weak Reference
    _microlib_exit                            - Undefined Weak Reference
    __Vectors_Size                           0x000000ec   Number         0  startup_stm32f10x_md.o ABSOLUTE
    __Vectors                                0x08000000   Data           4  startup_stm32f10x_md.o(RESET)
    __Vectors_End                            0x080000ec   Data           0  startup_stm32f10x_md.o(RESET)
    __main                                   0x080000ed   Thumb Code     0  entry.o(.ARM.Collect$$$$00000000)
    _main_stk                                0x080000ed   Thumb Code     0  entry2.o(.ARM.Collect$$$$00000001)
    _main_scatterload                        0x080000f1   Thumb Code     0  entry5.o(.ARM.Collect$$$$00000004)
    __main_after_scatterload                 0x080000f5   Thumb Code     0  entry5.o(.ARM.Collect$$$$00000004)
    _main_clock                              0x080000f5   Thumb Code     0  entry7b.o(.ARM.Collect$$$$00000008)
    _main_cpp_init                           0x080000f5   Thumb Code     0  entry8b.o(.ARM.Collect$$$$0000000A)
    _main_init                               0x080000f5   Thumb Code     0  entry9a.o(.ARM.Collect$$$$0000000B)
    __rt_final_cpp                           0x080000fd   Thumb Code     0  entry10a.o(.ARM.Collect$$$$0000000D)
    __rt_final_exit                          0x080000fd   Thumb Code     0  entry11a.o(.ARM.Collect$$$$0000000F)
    LED_Init                                 0x08000101   Thumb Code    44  main.o(.text)
    LED_Callback                             0x0800012d   Thumb Code   222  main.o(.text)
    main                                     0x0800020d   Thumb Code    32  main.o(.text)
    USART1_IRQHandler                        0x0800022d   Thumb Code   158  main.o(.text)
    USART1_Init                              0x080002cd   Thumb Code   190  usart.o(.text)
    USART1_Write_String                      0x0800038d   Thumb Code    54  usart.o(.text)
    USART1_Write_Char                        0x080003c5   Thumb Code    46  usart.o(.text)
    Delay_us                                 0x080003f5   Thumb Code    84  delay.o(.text)
    Delay_ms                                 0x08000449   Thumb Code    32  delay.o(.text)
    Delay_s                                  0x08000469   Thumb Code    32  delay.o(.text)
    TinyCmd_Handler                          0x08000489   Thumb Code   264  tinycmd.o(.text)
    TinyCmd_Add_Cmd                          0x080007e1   Thumb Code    66  tinycmd.o(.text)
    TinyCmd_Arg_Check                        0x08000825   Thumb Code    56  tinycmd.o(.text)
    TinyCmd_Arg_Get_Len                      0x0800085d   Thumb Code    34  tinycmd.o(.text)
    TinyCmd_Str_To_int                       0x080008a9   Thumb Code   204  tinycmd.o(.text)
    TinyCmd_Str_To_Float                     0x080009f5   Thumb Code   418  tinycmd.o(.text)
    TinyCmd_Arg_To_Int32                     0x08000b99   Thumb Code    82  tinycmd.o(.text)
    TinyCmd_Arg_To_Int16                     0x08000bed   Thumb Code   158  tinycmd.o(.text)
    TinyCmd_Arg_To_Int8                      0x08000c8d   Thumb Code   150  tinycmd.o(.text)
    TinyCmd_Arg_To_Float                     0x08000d25   Thumb Code    86  tinycmd.o(.text)
    NVIC_PriorityGroupConfig                 0x08000dd1   Thumb Code    28  misc.o(.text)
    NVIC_Init                                0x08000ded   Thumb Code   166  misc.o(.text)
    NVIC_SetVectorTable                      0x08000e95   Thumb Code    36  misc.o(.text)
    NVIC_SystemLPConfig                      0x08000eb9   Thumb Code    58  misc.o(.text)
    SysTick_CLKSourceConfig                  0x08000ef5   Thumb Code    52  misc.o(.text)
    GPIO_DeInit                              0x08000f29   Thumb Code   276  stm32f10x_gpio.o(.text)
    GPIO_AFIODeInit                          0x0800103d   Thumb Code    26  stm32f10x_gpio.o(.text)
    GPIO_Init                                0x08001059   Thumb Code   390  stm32f10x_gpio.o(.text)
    GPIO_StructInit                          0x080011e1   Thumb Code    28  stm32f10x_gpio.o(.text)
    GPIO_ReadInputDataBit                    0x080011fd   Thumb Code    52  stm32f10x_gpio.o(.text)
    GPIO_ReadInputData                       0x08001231   Thumb Code    14  stm32f10x_gpio.o(.text)
    GPIO_ReadOutputDataBit                   0x08001241   Thumb Code    52  stm32f10x_gpio.o(.text)
    GPIO_ReadOutputData                      0x08001275   Thumb Code    14  stm32f10x_gpio.o(.text)
    GPIO_SetBits                             0x08001285   Thumb Code    20  stm32f10x_gpio.o(.text)
    GPIO_ResetBits                           0x08001299   Thumb Code    20  stm32f10x_gpio.o(.text)
    GPIO_WriteBit                            0x080012ad   Thumb Code    40  stm32f10x_gpio.o(.text)
    GPIO_Write                               0x080012d5   Thumb Code    20  stm32f10x_gpio.o(.text)
    GPIO_PinLockConfig                       0x080012e9   Thumb Code    60  stm32f10x_gpio.o(.text)
    GPIO_EventOutputConfig                   0x08001325   Thumb Code    64  stm32f10x_gpio.o(.text)
    GPIO_EventOutputCmd                      0x08001365   Thumb Code    18  stm32f10x_gpio.o(.text)
    GPIO_PinRemapConfig                      0x08001379   Thumb Code   246  stm32f10x_gpio.o(.text)
    GPIO_EXTILineConfig                      0x08001471   Thumb Code    84  stm32f10x_gpio.o(.text)
    GPIO_ETH_MediaInterfaceConfig            0x080014c5   Thumb Code    18  stm32f10x_gpio.o(.text)
    RCC_DeInit                               0x080014d9   Thumb Code    82  stm32f10x_rcc.o(.text)
    RCC_HSEConfig                            0x0800152d   Thumb Code    92  stm32f10x_rcc.o(.text)
    RCC_WaitForHSEStartUp                    0x08001589   Thumb Code    94  stm32f10x_rcc.o(.text)
    RCC_GetFlagStatus                        0x080015e9   Thumb Code   122  stm32f10x_rcc.o(.text)
    RCC_AdjustHSICalibrationValue            0x08001665   Thumb Code    50  stm32f10x_rcc.o(.text)
    RCC_HSICmd                               0x08001699   Thumb Code    18  stm32f10x_rcc.o(.text)
    RCC_PLLConfig                            0x080016ad   Thumb Code    50  stm32f10x_rcc.o(.text)
    RCC_PLLCmd                               0x080016e1   Thumb Code    18  stm32f10x_rcc.o(.text)
    RCC_SYSCLKConfig                         0x080016f5   Thumb Code    44  stm32f10x_rcc.o(.text)
    RCC_GetSYSCLKSource                      0x08001721   Thumb Code    16  stm32f10x_rcc.o(.text)
    RCC_HCLKConfig                           0x08001731   Thumb Code    44  stm32f10x_rcc.o(.text)
    RCC_PCLK1Config                          0x0800175d   Thumb Code    44  stm32f10x_rcc.o(.text)
    RCC_PCLK2Config                          0x08001789   Thumb Code    46  stm32f10x_rcc.o(.text)
    RCC_ITConfig                             0x080017b9   Thumb Code    58  stm32f10x_rcc.o(.text)
    RCC_USBCLKConfig                         0x080017f5   Thumb Code    18  stm32f10x_rcc.o(.text)
    RCC_ADCCLKConfig                         0x08001809   Thumb Code    44  stm32f10x_rcc.o(.text)
    RCC_LSEConfig                            0x08001835   Thumb Code    76  stm32f10x_rcc.o(.text)
    RCC_LSICmd                               0x08001881   Thumb Code    20  stm32f10x_rcc.o(.text)
    RCC_RTCCLKConfig                         0x08001895   Thumb Code    24  stm32f10x_rcc.o(.text)
    RCC_RTCCLKCmd                            0x080018ad   Thumb Code    20  stm32f10x_rcc.o(.text)
    RCC_GetClocksFreq                        0x080018c1   Thumb Code   370  stm32f10x_rcc.o(.text)
    RCC_AHBPeriphClockCmd                    0x08001a35   Thumb Code    52  stm32f10x_rcc.o(.text)
    RCC_APB2PeriphClockCmd                   0x08001a69   Thumb Code    52  stm32f10x_rcc.o(.text)
    RCC_APB1PeriphClockCmd                   0x08001a9d   Thumb Code    52  stm32f10x_rcc.o(.text)
    RCC_APB2PeriphResetCmd                   0x08001ad1   Thumb Code    52  stm32f10x_rcc.o(.text)
    RCC_APB1PeriphResetCmd                   0x08001b05   Thumb Code    52  stm32f10x_rcc.o(.text)
    RCC_BackupResetCmd                       0x08001b39   Thumb Code    20  stm32f10x_rcc.o(.text)
    RCC_ClockSecuritySystemCmd               0x08001b4d   Thumb Code    18  stm32f10x_rcc.o(.text)
    RCC_MCOConfig                            0x08001b61   Thumb Code    24  stm32f10x_rcc.o(.text)
    RCC_ClearFlag                            0x08001b79   Thumb Code    18  stm32f10x_rcc.o(.text)
    RCC_GetITStatus                          0x08001b8d   Thumb Code    48  stm32f10x_rcc.o(.text)
    RCC_ClearITPendingBit                    0x08001bbd   Thumb Code    24  stm32f10x_rcc.o(.text)
    USART_DeInit                             0x08001bd5   Thumb Code   208  stm32f10x_usart.o(.text)
    USART_Init                               0x08001ca5   Thumb Code   348  stm32f10x_usart.o(.text)
    USART_StructInit                         0x08001e01   Thumb Code    40  stm32f10x_usart.o(.text)
    USART_ClockInit                          0x08001e29   Thumb Code    58  stm32f10x_usart.o(.text)
    USART_ClockStructInit                    0x08001e65   Thumb Code    26  stm32f10x_usart.o(.text)
    USART_Cmd                                0x08001e81   Thumb Code    40  stm32f10x_usart.o(.text)
    USART_ITConfig                           0x08001ea9   Thumb Code   142  stm32f10x_usart.o(.text)
    USART_DMACmd                             0x08001f39   Thumb Code    48  stm32f10x_usart.o(.text)
    USART_SetAddress                         0x08001f69   Thumb Code    34  stm32f10x_usart.o(.text)
    USART_WakeUpConfig                       0x08001f8d   Thumb Code    34  stm32f10x_usart.o(.text)
    USART_ReceiverWakeUpCmd                  0x08001fb1   Thumb Code    40  stm32f10x_usart.o(.text)
    USART_LINBreakDetectLengthConfig         0x08001fd9   Thumb Code    34  stm32f10x_usart.o(.text)
    USART_LINCmd                             0x08001ffd   Thumb Code    40  stm32f10x_usart.o(.text)
    USART_SendData                           0x08002025   Thumb Code    24  stm32f10x_usart.o(.text)
    USART_ReceiveData                        0x0800203d   Thumb Code    16  stm32f10x_usart.o(.text)
    USART_SendBreak                          0x0800204d   Thumb Code    18  stm32f10x_usart.o(.text)
    USART_SetGuardTime                       0x08002061   Thumb Code    34  stm32f10x_usart.o(.text)
    USART_SetPrescaler                       0x08002085   Thumb Code    34  stm32f10x_usart.o(.text)
    USART_SmartCardCmd                       0x080020a9   Thumb Code    40  stm32f10x_usart.o(.text)
    USART_SmartCardNACKCmd                   0x080020d1   Thumb Code    40  stm32f10x_usart.o(.text)
    USART_HalfDuplexCmd                      0x080020f9   Thumb Code    40  stm32f10x_usart.o(.text)
    USART_OverSampling8Cmd                   0x08002121   Thumb Code    40  stm32f10x_usart.o(.text)
    USART_OneBitMethodCmd                    0x08002149   Thumb Code    40  stm32f10x_usart.o(.text)
    USART_IrDAConfig                         0x08002171   Thumb Code    34  stm32f10x_usart.o(.text)
    USART_IrDACmd                            0x08002195   Thumb Code    40  stm32f10x_usart.o(.text)
    USART_GetFlagStatus                      0x080021bd   Thumb Code    60  stm32f10x_usart.o(.text)
    USART_ClearFlag                          0x080021f9   Thumb Code    36  stm32f10x_usart.o(.text)
    USART_GetITStatus                        0x0800221d   Thumb Code   168  stm32f10x_usart.o(.text)
    USART_ClearITPendingBit                  0x080022c5   Thumb Code    68  stm32f10x_usart.o(.text)
    Reset_Handler                            0x08002309   Thumb Code     8  startup_stm32f10x_md.o(.text)
    NMI_Handler                              0x08002311   Thumb Code     2  startup_stm32f10x_md.o(.text)
    HardFault_Handler                        0x08002313   Thumb Code     2  startup_stm32f10x_md.o(.text)
    MemManage_Handler                        0x08002315   Thumb Code     2  startup_stm32f10x_md.o(.text)
    BusFault_Handler                         0x08002317   Thumb Code     2  startup_stm32f10x_md.o(.text)
    UsageFault_Handler                       0x08002319   Thumb Code     2  startup_stm32f10x_md.o(.text)
    SVC_Handler                              0x0800231b   Thumb Code     2  startup_stm32f10x_md.o(.text)
    DebugMon_Handler                         0x0800231d   Thumb Code     2  startup_stm32f10x_md.o(.text)
    PendSV_Handler                           0x0800231f   Thumb Code     2  startup_stm32f10x_md.o(.text)
    SysTick_Handler                          0x08002321   Thumb Code     2  startup_stm32f10x_md.o(.text)
    ADC1_2_IRQHandler                        0x08002323   Thumb Code     0  startup_stm32f10x_md.o(.text)
    CAN1_RX1_IRQHandler                      0x08002323   Thumb Code     0  startup_stm32f10x_md.o(.text)
    CAN1_SCE_IRQHandler                      0x08002323   Thumb Code     0  startup_stm32f10x_md.o(.text)
    DMA1_Channel1_IRQHandler                 0x08002323   Thumb Code     0  startup_stm32f10x_md.o(.text)
    DMA1_Channel2_IRQHandler                 0x08002323   Thumb Code     0  startup_stm32f10x_md.o(.text)
    DMA1_Channel3_IRQHandler                 0x08002323   Thumb Code     0  startup_stm32f10x_md.o(.text)
    DMA1_Channel4_IRQHandler                 0x08002323   Thumb Code     0  startup_stm32f10x_md.o(.text)
    DMA1_Channel5_IRQHandler                 0x08002323   Thumb Code     0  startup_stm32f10x_md.o(.text)
    DMA1_Channel6_IRQHandler                 0x08002323   Thumb Code     0  startup_stm32f10x_md.o(.text)
    DMA1_Channel7_IRQHandler                 0x08002323   Thumb Code     0  startup_stm32f10x_md.o(.text)
    EXTI0_IRQHandler                         0x08002323   Thumb Code     0  startup_stm32f10x_md.o(.text)
    EXTI15_10_IRQHandler                     0x08002323   Thumb Code     0  startup_stm32f10x_md.o(.text)
    EXTI1_IRQHandler                         0x08002323   Thumb Code     0  startup_stm32f10x_md.o(.text)
    EXTI2_IRQHandler                         0x08002323   Thumb Code     0  startup_stm32f10x_md.o(.text)
    EXTI3_IRQHandler                         0x08002323   Thumb Code     0  startup_stm32f10x_md.o(.text)
    EXTI4_IRQHandler                         0x08002323   Thumb Code     0  startup_stm32f10x_md.o(.text)
    EXTI9_5_IRQHandler                       0x08002323   Thumb Code     0  startup_stm32f10x_md.o(.text)
    FLASH_IRQHandler                         0x08002323   Thumb Code     0  startup_stm32f10x_md.o(.text)
    I2C1_ER_IRQHandler                       0x08002323   Thumb Code     0  startup_stm32f10x_md.o(.text)
    I2C1_EV_IRQHandler                       0x08002323   Thumb Code     0  startup_stm32f10x_md.o(.text)
    I2C2_ER_IRQHandler                       0x08002323   Thumb Code     0  startup_stm32f10x_md.o(.text)
    I2C2_EV_IRQHandler                       0x08002323   Thumb Code     0  startup_stm32f10x_md.o(.text)
    PVD_IRQHandler                           0x08002323   Thumb Code     0  startup_stm32f10x_md.o(.text)
    RCC_IRQHandler                           0x08002323   Thumb Code     0  startup_stm32f10x_md.o(.text)
    RTCAlarm_IRQHandler                      0x08002323   Thumb Code     0  startup_stm32f10x_md.o(.text)
    RTC_IRQHandler                           0x08002323   Thumb Code     0  startup_stm32f10x_md.o(.text)
    SPI1_IRQHandler                          0x08002323   Thumb Code     0  startup_stm32f10x_md.o(.text)
    SPI2_IRQHandler                          0x08002323   Thumb Code     0  startup_stm32f10x_md.o(.text)
    TAMPER_IRQHandler                        0x08002323   Thumb Code     0  startup_stm32f10x_md.o(.text)
    TIM1_BRK_IRQHandler                      0x08002323   Thumb Code     0  startup_stm32f10x_md.o(.text)
    TIM1_CC_IRQHandler                       0x08002323   Thumb Code     0  startup_stm32f10x_md.o(.text)
    TIM1_TRG_COM_IRQHandler                  0x08002323   Thumb Code     0  startup_stm32f10x_md.o(.text)
    TIM1_UP_IRQHandler                       0x08002323   Thumb Code     0  startup_stm32f10x_md.o(.text)
    TIM2_IRQHandler                          0x08002323   Thumb Code     0  startup_stm32f10x_md.o(.text)
    TIM3_IRQHandler                          0x08002323   Thumb Code     0  startup_stm32f10x_md.o(.text)
    TIM4_IRQHandler                          0x08002323   Thumb Code     0  startup_stm32f10x_md.o(.text)
    USART2_IRQHandler                        0x08002323   Thumb Code     0  startup_stm32f10x_md.o(.text)
    USART3_IRQHandler                        0x08002323   Thumb Code     0  startup_stm32f10x_md.o(.text)
    USBWakeUp_IRQHandler                     0x08002323   Thumb Code     0  startup_stm32f10x_md.o(.text)
    USB_HP_CAN1_TX_IRQHandler                0x08002323   Thumb Code     0  startup_stm32f10x_md.o(.text)
    USB_LP_CAN1_RX0_IRQHandler               0x08002323   Thumb Code     0  startup_stm32f10x_md.o(.text)
    WWDG_IRQHandler                          0x08002323   Thumb Code     0  startup_stm32f10x_md.o(.text)
    SystemInit                               0x0800232d   Thumb Code   102  system_stm32f10x.o(.text)
    SystemCoreClockUpdate                    0x0800239d   Thumb Code   290  system_stm32f10x.o(.text)
    __aeabi_dadd                             0x080025e3   Thumb Code   322  dadd.o(.text)
    __aeabi_dsub                             0x08002725   Thumb Code     6  dadd.o(.text)
    __aeabi_drsub                            0x0800272b   Thumb Code     6  dadd.o(.text)
    __aeabi_dmul                             0x08002731   Thumb Code   228  dmul.o(.text)
    __aeabi_ddiv                             0x08002815   Thumb Code   222  ddiv.o(.text)
    __aeabi_i2d                              0x080028f3   Thumb Code    34  dflti.o(.text)
    __aeabi_d2f                              0x08002915   Thumb Code    56  d2f.o(.text)
    __aeabi_llsl                             0x0800294d   Thumb Code    30  llshl.o(.text)
    _ll_shift_l                              0x0800294d   Thumb Code     0  llshl.o(.text)
    __aeabi_lasr                             0x0800296b   Thumb Code    36  llsshr.o(.text)
    _ll_sshift_r                             0x0800296b   Thumb Code     0  llsshr.o(.text)
    __I$use$fp                               0x0800298f   Thumb Code     0  iusefp.o(.text)
    _float_round                             0x0800298f   Thumb Code    18  fepilogue.o(.text)
    _float_epilogue                          0x080029a1   Thumb Code    92  fepilogue.o(.text)
    _double_round                            0x080029fd   Thumb Code    30  depilogue.o(.text)
    _double_epilogue                         0x08002a1b   Thumb Code   156  depilogue.o(.text)
    __scatterload                            0x08002ab9   Thumb Code    38  init.o(.text)
    __scatterload_rt2                        0x08002ab9   Thumb Code     0  init.o(.text)
    __aeabi_llsr                             0x08002ae9   Thumb Code    32  llushr.o(.text)
    _ll_ushift_r                             0x08002ae9   Thumb Code     0  llushr.o(.text)
    __scatterload_copy                       0x08002b09   Thumb Code    14  handlers.o(i.__scatterload_copy)
    __scatterload_null                       0x08002b17   Thumb Code     2  handlers.o(i.__scatterload_null)
    __scatterload_zeroinit                   0x08002b19   Thumb Code    14  handlers.o(i.__scatterload_zeroinit)
    AHBPrescTable                            0x08002b2a   Data          16  system_stm32f10x.o(.rodata.AHBPrescTable)
    Region$$Table$$Base                      0x08002b7c   Number         0  anon$$obj.o(Region$$Table)
    Region$$Table$$Limit                     0x08002b9c   Number         0  anon$$obj.o(Region$$Table)
    Cmd1                                     0x20000000   Data          12  main.o(.data.Cmd1)
    SystemCoreClock                          0x2000000c   Data           4  system_stm32f10x.o(.data.SystemCoreClock)
    TinyCmdRunning_Cmd                       0x20000010   Data          36  tinycmd.o(.bss.TinyCmdRunning_Cmd)
    TinyCmd_buf                              0x20000034   Data          88  tinycmd.o(.bss.TinyCmd_buf)
    token_count                              0x20000090   Data           1  tinycmd.o(.bss.token_count)
    __initial_sp                             0x20000498   Data           0  startup_stm32f10x_md.o(STACK)



==============================================================================

Memory Map of the image

  Image Entry point : 0x080000ed

  Load Region LR_IROM1 (Base: 0x08000000, Size: 0x00002bb0, Max: 0x00020000, ABSOLUTE)

    Execution Region ER_IROM1 (Exec base: 0x08000000, Load base: 0x08000000, Size: 0x00002b9c, Max: 0x00020000, ABSOLUTE)

    Exec Addr    Load Addr    Size         Type   Attr      Idx    E Section Name        Object

    0x08000000   0x08000000   0x000000ec   Data   RO          203    RESET               startup_stm32f10x_md.o
    0x080000ec   0x080000ec   0x00000000   Code   RO          219  * .ARM.Collect$$$$00000000  mc_w.l(entry.o)
    0x080000ec   0x080000ec   0x00000004   Code   RO          232    .ARM.Collect$$$$00000001  mc_w.l(entry2.o)
    0x080000f0   0x080000f0   0x00000004   Code   RO          235    .ARM.Collect$$$$00000004  mc_w.l(entry5.o)
    0x080000f4   0x080000f4   0x00000000   Code   RO          237    .ARM.Collect$$$$00000008  mc_w.l(entry7b.o)
    0x080000f4   0x080000f4   0x00000000   Code   RO          239    .ARM.Collect$$$$0000000A  mc_w.l(entry8b.o)
    0x080000f4   0x080000f4   0x00000008   Code   RO          240    .ARM.Collect$$$$0000000B  mc_w.l(entry9a.o)
    0x080000fc   0x080000fc   0x00000000   Code   RO          242    .ARM.Collect$$$$0000000D  mc_w.l(entry10a.o)
    0x080000fc   0x080000fc   0x00000000   Code   RO          244    .ARM.Collect$$$$0000000F  mc_w.l(entry11a.o)
    0x080000fc   0x080000fc   0x00000004   Code   RO          233    .ARM.Collect$$$$00002712  mc_w.l(entry2.o)
    0x08000100   0x08000100   0x000001ca   Code   RO            1    .text               main.o
    0x080002ca   0x080002ca   0x00000002   PAD
    0x080002cc   0x080002cc   0x00000126   Code   RO           11    .text               usart.o
    0x080003f2   0x080003f2   0x00000002   PAD
    0x080003f4   0x080003f4   0x00000094   Code   RO           19    .text               delay.o
    0x08000488   0x08000488   0x00000946   Code   RO           26    .text               tinycmd.o
    0x08000dce   0x08000dce   0x00000002   PAD
    0x08000dd0   0x08000dd0   0x00000158   Code   RO           38    .text               misc.o
    0x08000f28   0x08000f28   0x000005ae   Code   RO          122    .text               stm32f10x_gpio.o
    0x080014d6   0x080014d6   0x00000002   PAD
    0x080014d8   0x080014d8   0x000006fc   Code   RO          150    .text               stm32f10x_rcc.o
    0x08001bd4   0x08001bd4   0x00000734   Code   RO          187    .text               stm32f10x_usart.o
    0x08002308   0x08002308   0x00000024   Code   RO          204    .text               startup_stm32f10x_md.o
    0x0800232c   0x0800232c   0x000002b6   Code   RO          210    .text               system_stm32f10x.o
    0x080025e2   0x080025e2   0x0000014e   Code   RO          222    .text               mf_w.l(dadd.o)
    0x08002730   0x08002730   0x000000e4   Code   RO          224    .text               mf_w.l(dmul.o)
    0x08002814   0x08002814   0x000000de   Code   RO          226    .text               mf_w.l(ddiv.o)
    0x080028f2   0x080028f2   0x00000022   Code   RO          228    .text               mf_w.l(dflti.o)
    0x08002914   0x08002914   0x00000038   Code   RO          230    .text               mf_w.l(d2f.o)
    0x0800294c   0x0800294c   0x0000001e   Code   RO          246    .text               mc_w.l(llshl.o)
    0x0800296a   0x0800296a   0x00000024   Code   RO          248    .text               mc_w.l(llsshr.o)
    0x0800298e   0x0800298e   0x00000000   Code   RO          250    .text               mc_w.l(iusefp.o)
    0x0800298e   0x0800298e   0x0000006e   Code   RO          251    .text               mf_w.l(fepilogue.o)
    0x080029fc   0x080029fc   0x000000ba   Code   RO          253    .text               mf_w.l(depilogue.o)
    0x08002ab6   0x08002ab6   0x00000002   PAD
    0x08002ab8   0x08002ab8   0x00000030   Code   RO          255    .text               mc_w.l(init.o)
    0x08002ae8   0x08002ae8   0x00000020   Code   RO          257    .text               mc_w.l(llushr.o)
    0x08002b08   0x08002b08   0x0000000e   Code   RO          261    i.__scatterload_copy  mc_w.l(handlers.o)
    0x08002b16   0x08002b16   0x00000002   Code   RO          262    i.__scatterload_null  mc_w.l(handlers.o)
    0x08002b18   0x08002b18   0x0000000e   Code   RO          263    i.__scatterload_zeroinit  mc_w.l(handlers.o)
    0x08002b26   0x08002b26   0x00000004   Data   RO          153    .rodata.ADCPrescTable  stm32f10x_rcc.o
    0x08002b2a   0x08002b2a   0x00000010   Data   RO          213    .rodata.AHBPrescTable  system_stm32f10x.o
    0x08002b3a   0x08002b3a   0x00000010   Data   RO          152    .rodata.APBAHBPrescTable  stm32f10x_rcc.o
    0x08002b4a   0x08002b4a   0x0000001e   Data   RO            3    .rodata.str1.1      main.o
    0x08002b68   0x08002b68   0x0000000f   Data   RO           13    .rodata.str1.1      usart.o
    0x08002b77   0x08002b77   0x00000002   Data   RO           28    .rodata.str1.1      tinycmd.o
    0x08002b79   0x08002b79   0x00000003   PAD
    0x08002b7c   0x08002b7c   0x00000020   Data   RO          260    Region$$Table       anon$$obj.o


    Execution Region RW_IRAM1 (Exec base: 0x20000000, Load base: 0x08002ba0, Size: 0x00000498, Max: 0x00005000, ABSOLUTE)

    Exec Addr    Load Addr    Size         Type   Attr      Idx    E Section Name        Object

    0x20000000   0x08002ba0   0x0000000c   Data   RW            4    .data.Cmd1          main.o
    0x2000000c   0x08002bac   0x00000004   Data   RW          212    .data.SystemCoreClock  system_stm32f10x.o
    0x20000010        -       0x00000024   Zero   RW           32    .bss.TinyCmdRunning_Cmd  tinycmd.o
    0x20000034        -       0x00000058   Zero   RW           29    .bss.TinyCmd_buf    tinycmd.o
    0x2000008c        -       0x00000004   Zero   RW           31    .bss.strtok_next    tinycmd.o
    0x20000090        -       0x00000001   Zero   RW           30    .bss.token_count    tinycmd.o
    0x20000091   0x08002bb0   0x00000007   PAD
    0x20000098        -       0x00000400   Zero   RW          201    STACK               startup_stm32f10x_md.o


==============================================================================

Image component sizes


      Code (inc. data)   RO Data    RW Data    ZI Data      Debug   Object Name

       148          0          0          0          0       1029   delay.o
       458          0         30         12          0       2965   main.o
       344          0          0          0          0       3265   misc.o
        36          8        236          0       1024        848   startup_stm32f10x_md.o
      1454          0          0          0          0       5362   stm32f10x_gpio.o
      1788          0         20          0          0       6403   stm32f10x_rcc.o
      1844          0          0          0          0       6934   stm32f10x_usart.o
       694          0         16          4          0       2916   system_stm32f10x.o
      2374          0          2          0        129       5513   tinycmd.o
       294          0         15          0          0       3898   usart.o

    ----------------------------------------------------------------------
      9442          8        354         16       1160      39133   Object Totals
         0          0         32          0          0          0   (incl. Generated)
         8          0          3          0          7          0   (incl. Padding)

    ----------------------------------------------------------------------

      Code (inc. data)   RO Data    RW Data    ZI Data      Debug   Library Member Name

         0          0          0          0          0          0   entry.o
         0          0          0          0          0          0   entry10a.o
         0          0          0          0          0          0   entry11a.o
         8          4          0          0          0          0   entry2.o
         4          0          0          0          0          0   entry5.o
         0          0          0          0          0          0   entry7b.o
         0          0          0          0          0          0   entry8b.o
         8          4          0          0          0          0   entry9a.o
        30          0          0          0          0          0   handlers.o
        48         10          0          0          0         68   init.o
         0          0          0          0          0          0   iusefp.o
        30          0          0          0          0         68   llshl.o
        36          0          0          0          0         68   llsshr.o
        32          0          0          0          0         68   llushr.o
        56          0          0          0          0         88   d2f.o
       334          0          0          0          0        148   dadd.o
       222          0          0          0          0        100   ddiv.o
       186          0          0          0          0        176   depilogue.o
        34          0          0          0          0         76   dflti.o
       228          0          0          0          0         96   dmul.o
       110          0          0          0          0        168   fepilogue.o

    ----------------------------------------------------------------------
      1368         18          0          0          0       1124   Library Totals
         2          0          0          0          0          0   (incl. Padding)

    ----------------------------------------------------------------------

      Code (inc. data)   RO Data    RW Data    ZI Data      Debug   Library Name

       196         18          0          0          0        272   mc_w.l
      1170          0          0          0          0        852   mf_w.l

    ----------------------------------------------------------------------
      1368         18          0          0          0       1124   Library Totals

    ----------------------------------------------------------------------

==============================================================================


      Code (inc. data)   RO Data    RW Data    ZI Data      Debug   

     10810         26        354         16       1160      39781   Grand Totals
     10810         26        354         16       1160      39781   ELF Image Totals
     10810         26        354         16          0          0   ROM Totals

==============================================================================

    Total RO  Size (Code + RO Data)                11164 (  10.90kB)
    Total RW  Size (RW Data + ZI Data)              1176 (   1.15kB)
    Total ROM Size (Code + RO Data + RW Data)      11180 (  10.92kB)

==============================================================================

