Component: Arm Compiler for Embedded 6.22 Tool: armlink [5ee90200]

==============================================================================

Section Cross References

    main.o(.text) refers to stm32f10x_rcc.o(.text) for RCC_APB2PeriphClockCmd
    main.o(.text) refers to stm32f10x_gpio.o(.text) for GPIO_Init
    main.o(.text) refers to main.o(.rodata.str1.1) for .L.str
    main.o(.text) refers to tinycmd.o(.text) for TinyCmd_Arg_Check
    main.o(.text) refers to delay.o(.text) for Delay_ms
    main.o(.text) refers to usart.o(.text) for USART1_Init
    main.o(.text) refers to main.o(.data.Cmd1) for Cmd1
    main.o(.text) refers to tinycmd.o(.bss.TinyCmd_SendChar) for TinyCmd_SendChar
    main.o(.text) refers to stm32f10x_usart.o(.text) for USART_GetITStatus
    main.o(.text) refers to tinycmd.o(.bss.TinyCmd_buf) for TinyCmd_buf
    main.o(.ARM.exidx) refers to main.o(.text) for [Anonymous Symbol]
    main.o(.data.Cmd1) refers to main.o(.rodata.str1.1) for [Anonymous Symbol]
    main.o(.data.Cmd1) refers to main.o(.text) for LED_Callback
    usart.o(.text) refers to stm32f10x_rcc.o(.text) for RCC_APB2PeriphClockCmd
    usart.o(.text) refers to stm32f10x_gpio.o(.text) for GPIO_Init
    usart.o(.text) refers to stm32f10x_usart.o(.text) for USART_Init
    usart.o(.text) refers to misc.o(.text) for NVIC_PriorityGroupConfig
    usart.o(.ARM.exidx) refers to usart.o(.text) for [Anonymous Symbol]
    delay.o(.ARM.exidx) refers to delay.o(.text) for [Anonymous Symbol]
    tinycmd.o(.text) refers to dflt_clz.o(x$fpl$dflt) for __aeabi_i2d
    tinycmd.o(.text) refers to dmul.o(x$fpl$dmul) for __aeabi_dmul
    tinycmd.o(.text) refers to daddsub_clz.o(x$fpl$dadd) for __aeabi_dadd
    tinycmd.o(.text) refers to dfix.o(x$fpl$dfix) for __aeabi_d2iz
    tinycmd.o(.text) refers to ddiv.o(x$fpl$ddiv) for __aeabi_ddiv
    tinycmd.o(.text) refers to tinycmd.o(.rodata.str1.1) for .L.str
    tinycmd.o(.text) refers to tinycmd.o(.bss.TinyCmd_buf) for TinyCmd_buf
    tinycmd.o(.text) refers to tinycmd.o(.bss.token_count) for token_count
    tinycmd.o(.text) refers to tinycmd.o(.bss.strtok_next) for strtok_next
    tinycmd.o(.text) refers to tinycmd.o(.bss.TinyCmdRunning_Cmd) for TinyCmdRunning_Cmd
    tinycmd.o(.text) refers to d2f.o(x$fpl$d2f) for __aeabi_d2f
    tinycmd.o(.text) refers to daddsub_clz.o(x$fpl$dsub) for __aeabi_dsub
    tinycmd.o(.text) refers to tinycmd.o(.bss.TinyCmd_SendChar) for TinyCmd_SendChar
    tinycmd.o(.ARM.exidx) refers to tinycmd.o(.text) for [Anonymous Symbol]
    misc.o(.ARM.exidx) refers to misc.o(.text) for [Anonymous Symbol]
    stm32f10x_adc.o(.text) refers to stm32f10x_rcc.o(.text) for RCC_APB2PeriphResetCmd
    stm32f10x_adc.o(.ARM.exidx) refers to stm32f10x_adc.o(.text) for [Anonymous Symbol]
    stm32f10x_bkp.o(.text) refers to stm32f10x_rcc.o(.text) for RCC_BackupResetCmd
    stm32f10x_bkp.o(.ARM.exidx) refers to stm32f10x_bkp.o(.text) for [Anonymous Symbol]
    stm32f10x_can.o(.text) refers to stm32f10x_rcc.o(.text) for RCC_APB1PeriphResetCmd
    stm32f10x_can.o(.ARM.exidx) refers to stm32f10x_can.o(.text) for [Anonymous Symbol]
    stm32f10x_cec.o(.text) refers to stm32f10x_rcc.o(.text) for RCC_APB1PeriphResetCmd
    stm32f10x_cec.o(.ARM.exidx) refers to stm32f10x_cec.o(.text) for [Anonymous Symbol]
    stm32f10x_crc.o(.ARM.exidx) refers to stm32f10x_crc.o(.text) for [Anonymous Symbol]
    stm32f10x_dac.o(.text) refers to stm32f10x_rcc.o(.text) for RCC_APB1PeriphResetCmd
    stm32f10x_dac.o(.ARM.exidx) refers to stm32f10x_dac.o(.text) for [Anonymous Symbol]
    stm32f10x_dbgmcu.o(.ARM.exidx) refers to stm32f10x_dbgmcu.o(.text) for [Anonymous Symbol]
    stm32f10x_dma.o(.ARM.exidx) refers to stm32f10x_dma.o(.text) for [Anonymous Symbol]
    stm32f10x_exti.o(.ARM.exidx) refers to stm32f10x_exti.o(.text) for [Anonymous Symbol]
    stm32f10x_flash.o(.ARM.exidx) refers to stm32f10x_flash.o(.text) for [Anonymous Symbol]
    stm32f10x_fsmc.o(.ARM.exidx) refers to stm32f10x_fsmc.o(.text) for [Anonymous Symbol]
    stm32f10x_gpio.o(.text) refers to stm32f10x_rcc.o(.text) for RCC_APB2PeriphResetCmd
    stm32f10x_gpio.o(.ARM.exidx) refers to stm32f10x_gpio.o(.text) for [Anonymous Symbol]
    stm32f10x_i2c.o(.text) refers to stm32f10x_rcc.o(.text) for RCC_APB1PeriphResetCmd
    stm32f10x_i2c.o(.ARM.exidx) refers to stm32f10x_i2c.o(.text) for [Anonymous Symbol]
    stm32f10x_iwdg.o(.ARM.exidx) refers to stm32f10x_iwdg.o(.text) for [Anonymous Symbol]
    stm32f10x_pwr.o(.text) refers to stm32f10x_rcc.o(.text) for RCC_APB1PeriphResetCmd
    stm32f10x_pwr.o(.ARM.exidx) refers to stm32f10x_pwr.o(.text) for [Anonymous Symbol]
    stm32f10x_rcc.o(.text) refers to stm32f10x_rcc.o(.rodata.APBAHBPrescTable) for APBAHBPrescTable
    stm32f10x_rcc.o(.text) refers to stm32f10x_rcc.o(.rodata.ADCPrescTable) for ADCPrescTable
    stm32f10x_rcc.o(.ARM.exidx) refers to stm32f10x_rcc.o(.text) for [Anonymous Symbol]
    stm32f10x_rtc.o(.ARM.exidx) refers to stm32f10x_rtc.o(.text) for [Anonymous Symbol]
    stm32f10x_sdio.o(.ARM.exidx) refers to stm32f10x_sdio.o(.text) for [Anonymous Symbol]
    stm32f10x_spi.o(.text) refers to stm32f10x_rcc.o(.text) for RCC_APB2PeriphResetCmd
    stm32f10x_spi.o(.ARM.exidx) refers to stm32f10x_spi.o(.text) for [Anonymous Symbol]
    stm32f10x_tim.o(.text) refers to stm32f10x_rcc.o(.text) for RCC_APB2PeriphResetCmd
    stm32f10x_tim.o(.ARM.exidx) refers to stm32f10x_tim.o(.text) for [Anonymous Symbol]
    stm32f10x_usart.o(.text) refers to stm32f10x_rcc.o(.text) for RCC_APB2PeriphResetCmd
    stm32f10x_usart.o(.ARM.exidx) refers to stm32f10x_usart.o(.text) for [Anonymous Symbol]
    stm32f10x_wwdg.o(.text) refers to stm32f10x_rcc.o(.text) for RCC_APB1PeriphResetCmd
    stm32f10x_wwdg.o(.ARM.exidx) refers to stm32f10x_wwdg.o(.text) for [Anonymous Symbol]
    startup_stm32f10x_md.o(STACK) refers (Special) to heapauxi.o(.text) for __use_two_region_memory
    startup_stm32f10x_md.o(HEAP) refers (Special) to heapauxi.o(.text) for __use_two_region_memory
    startup_stm32f10x_md.o(RESET) refers (Special) to heapauxi.o(.text) for __use_two_region_memory
    startup_stm32f10x_md.o(RESET) refers to startup_stm32f10x_md.o(STACK) for __initial_sp
    startup_stm32f10x_md.o(RESET) refers to startup_stm32f10x_md.o(.text) for Reset_Handler
    startup_stm32f10x_md.o(RESET) refers to main.o(.text) for USART1_IRQHandler
    startup_stm32f10x_md.o(.text) refers (Special) to heapauxi.o(.text) for __use_two_region_memory
    startup_stm32f10x_md.o(.text) refers to system_stm32f10x.o(.text) for SystemInit
    startup_stm32f10x_md.o(.text) refers to __main.o(!!!main) for __main
    startup_stm32f10x_md.o(.text) refers to startup_stm32f10x_md.o(HEAP) for Heap_Mem
    startup_stm32f10x_md.o(.text) refers to startup_stm32f10x_md.o(STACK) for Stack_Mem
    system_stm32f10x.o(.text) refers to system_stm32f10x.o(.data.SystemCoreClock) for SystemCoreClock
    system_stm32f10x.o(.text) refers to system_stm32f10x.o(.rodata.AHBPrescTable) for AHBPrescTable
    system_stm32f10x.o(.ARM.exidx) refers to system_stm32f10x.o(.text) for [Anonymous Symbol]
    __main.o(!!!main) refers to __rtentry.o(.ARM.Collect$$rtentry$$00000000) for __rt_entry
    d2f.o(x$fpl$d2f) refers (Special) to usenofp.o(x$fpl$usenofp) for __I$use$fp
    d2f.o(x$fpl$d2f) refers to fretinf.o(x$fpl$fretinf) for __fpl_fretinf
    d2f.o(x$fpl$d2f) refers to dnaninf.o(x$fpl$dnaninf) for __fpl_dnaninf
    daddsub_clz.o(x$fpl$dadd) refers (Special) to usenofp.o(x$fpl$usenofp) for __I$use$fp
    daddsub_clz.o(x$fpl$dadd) refers to daddsub_clz.o(x$fpl$dsub) for _dsub1
    daddsub_clz.o(x$fpl$dadd) refers to dretinf.o(x$fpl$dretinf) for __fpl_dretinf
    daddsub_clz.o(x$fpl$dadd) refers to dnaninf.o(x$fpl$dnaninf) for __fpl_dnaninf
    daddsub_clz.o(x$fpl$drsb) refers (Special) to usenofp.o(x$fpl$usenofp) for __I$use$fp
    daddsub_clz.o(x$fpl$drsb) refers to daddsub_clz.o(x$fpl$dadd) for _dadd1
    daddsub_clz.o(x$fpl$drsb) refers to daddsub_clz.o(x$fpl$dsub) for _dsub1
    daddsub_clz.o(x$fpl$dsub) refers (Special) to usenofp.o(x$fpl$usenofp) for __I$use$fp
    daddsub_clz.o(x$fpl$dsub) refers to daddsub_clz.o(x$fpl$dadd) for _dadd1
    daddsub_clz.o(x$fpl$dsub) refers to dnaninf.o(x$fpl$dnaninf) for __fpl_dnaninf
    ddiv.o(x$fpl$drdiv) refers (Special) to usenofp.o(x$fpl$usenofp) for __I$use$fp
    ddiv.o(x$fpl$drdiv) refers to ddiv.o(x$fpl$ddiv) for ddiv_entry
    ddiv.o(x$fpl$ddiv) refers (Special) to usenofp.o(x$fpl$usenofp) for __I$use$fp
    ddiv.o(x$fpl$ddiv) refers to dretinf.o(x$fpl$dretinf) for __fpl_dretinf
    ddiv.o(x$fpl$ddiv) refers to dnaninf.o(x$fpl$dnaninf) for __fpl_dnaninf
    dfix.o(x$fpl$dfix) refers (Special) to usenofp.o(x$fpl$usenofp) for __I$use$fp
    dfix.o(x$fpl$dfix) refers to dnaninf.o(x$fpl$dnaninf) for __fpl_dnaninf
    dfix.o(x$fpl$dfixr) refers (Special) to usenofp.o(x$fpl$usenofp) for __I$use$fp
    dfix.o(x$fpl$dfixr) refers to dnaninf.o(x$fpl$dnaninf) for __fpl_dnaninf
    dflt_clz.o(x$fpl$dfltu) refers (Special) to usenofp.o(x$fpl$usenofp) for __I$use$fp
    dflt_clz.o(x$fpl$dflt) refers (Special) to usenofp.o(x$fpl$usenofp) for __I$use$fp
    dflt_clz.o(x$fpl$dfltn) refers (Special) to usenofp.o(x$fpl$usenofp) for __I$use$fp
    dmul.o(x$fpl$dmul) refers (Special) to usenofp.o(x$fpl$usenofp) for __I$use$fp
    dmul.o(x$fpl$dmul) refers to dretinf.o(x$fpl$dretinf) for __fpl_dretinf
    dmul.o(x$fpl$dmul) refers to dnaninf.o(x$fpl$dnaninf) for __fpl_dnaninf
    __rtentry.o(.ARM.Collect$$rtentry$$00000000) refers (Special) to __rtentry2.o(.ARM.Collect$$rtentry$$0000000A) for __rt_entry_li
    __rtentry.o(.ARM.Collect$$rtentry$$00000000) refers (Special) to __rtentry2.o(.ARM.Collect$$rtentry$$0000000D) for __rt_entry_main
    __rtentry.o(.ARM.Collect$$rtentry$$00000000) refers (Special) to __rtentry2.o(.ARM.Collect$$rtentry$$0000000C) for __rt_entry_postli_1
    __rtentry.o(.ARM.Collect$$rtentry$$00000000) refers (Special) to __rtentry2.o(.ARM.Collect$$rtentry$$00000009) for __rt_entry_postsh_1
    __rtentry.o(.ARM.Collect$$rtentry$$00000000) refers (Special) to __rtentry2.o(.ARM.Collect$$rtentry$$00000002) for __rt_entry_presh_1
    __rtentry.o(.ARM.Collect$$rtentry$$00000000) refers (Special) to __rtentry4.o(.ARM.Collect$$rtentry$$00000004) for __rt_entry_sh
    dnaninf.o(x$fpl$dnaninf) refers (Special) to usenofp.o(x$fpl$usenofp) for __I$use$fp
    dretinf.o(x$fpl$dretinf) refers (Special) to usenofp.o(x$fpl$usenofp) for __I$use$fp
    fretinf.o(x$fpl$fretinf) refers (Special) to usenofp.o(x$fpl$usenofp) for __I$use$fp
    __rtentry2.o(.ARM.Collect$$rtentry$$00000008) refers to boardinit2.o(.text) for _platform_post_stackheap_init
    __rtentry2.o(.ARM.Collect$$rtentry$$0000000A) refers to libinit.o(.ARM.Collect$$libinit$$00000000) for __rt_lib_init
    __rtentry2.o(.ARM.Collect$$rtentry$$0000000B) refers to boardinit3.o(.text) for _platform_post_lib_init
    __rtentry2.o(.ARM.Collect$$rtentry$$0000000D) refers to main.o(.text) for main
    __rtentry2.o(.ARM.Collect$$rtentry$$0000000D) refers to exit.o(.text) for exit
    __rtentry2.o(.ARM.exidx) refers to __rtentry2.o(.ARM.Collect$$rtentry$$00000001) for .ARM.Collect$$rtentry$$00000001
    __rtentry2.o(.ARM.exidx) refers to __rtentry2.o(.ARM.Collect$$rtentry$$00000008) for .ARM.Collect$$rtentry$$00000008
    __rtentry2.o(.ARM.exidx) refers to __rtentry2.o(.ARM.Collect$$rtentry$$0000000A) for .ARM.Collect$$rtentry$$0000000A
    __rtentry2.o(.ARM.exidx) refers to __rtentry2.o(.ARM.Collect$$rtentry$$0000000B) for .ARM.Collect$$rtentry$$0000000B
    __rtentry2.o(.ARM.exidx) refers to __rtentry2.o(.ARM.Collect$$rtentry$$0000000D) for .ARM.Collect$$rtentry$$0000000D
    __rtentry4.o(.ARM.Collect$$rtentry$$00000004) refers to sys_stackheap_outer.o(.text) for __user_setup_stackheap
    __rtentry4.o(.ARM.exidx) refers to __rtentry4.o(.ARM.Collect$$rtentry$$00000004) for .ARM.Collect$$rtentry$$00000004
    sys_stackheap_outer.o(.text) refers to libspace.o(.text) for __user_perproc_libspace
    sys_stackheap_outer.o(.text) refers to startup_stm32f10x_md.o(.text) for __user_initial_stackheap
    exit.o(.text) refers to rtexit.o(.ARM.Collect$$rtexit$$00000000) for __rt_exit
    libinit.o(.ARM.Collect$$libinit$$00000000) refers (Special) to libinit2.o(.ARM.Collect$$libinit$$00000030) for __rt_lib_init_alloca_1
    libinit.o(.ARM.Collect$$libinit$$00000000) refers (Special) to libinit2.o(.ARM.Collect$$libinit$$0000002E) for __rt_lib_init_argv_1
    libinit.o(.ARM.Collect$$libinit$$00000000) refers (Special) to libinit2.o(.ARM.Collect$$libinit$$0000001D) for __rt_lib_init_atexit_1
    libinit.o(.ARM.Collect$$libinit$$00000000) refers (Special) to libinit2.o(.ARM.Collect$$libinit$$00000023) for __rt_lib_init_clock_1
    libinit.o(.ARM.Collect$$libinit$$00000000) refers (Special) to libinit2.o(.ARM.Collect$$libinit$$00000034) for __rt_lib_init_cpp_1
    libinit.o(.ARM.Collect$$libinit$$00000000) refers (Special) to libinit2.o(.ARM.Collect$$libinit$$00000032) for __rt_lib_init_exceptions_1
    libinit.o(.ARM.Collect$$libinit$$00000000) refers (Special) to libinit2.o(.ARM.Collect$$libinit$$00000002) for __rt_lib_init_fp_1
    libinit.o(.ARM.Collect$$libinit$$00000000) refers (Special) to libinit2.o(.ARM.Collect$$libinit$$00000021) for __rt_lib_init_fp_trap_1
    libinit.o(.ARM.Collect$$libinit$$00000000) refers (Special) to libinit2.o(.ARM.Collect$$libinit$$00000025) for __rt_lib_init_getenv_1
    libinit.o(.ARM.Collect$$libinit$$00000000) refers (Special) to libinit2.o(.ARM.Collect$$libinit$$0000000C) for __rt_lib_init_heap_1
    libinit.o(.ARM.Collect$$libinit$$00000000) refers (Special) to libinit2.o(.ARM.Collect$$libinit$$00000013) for __rt_lib_init_lc_collate_1
    libinit.o(.ARM.Collect$$libinit$$00000000) refers (Special) to libinit2.o(.ARM.Collect$$libinit$$00000015) for __rt_lib_init_lc_ctype_1
    libinit.o(.ARM.Collect$$libinit$$00000000) refers (Special) to libinit2.o(.ARM.Collect$$libinit$$00000017) for __rt_lib_init_lc_monetary_1
    libinit.o(.ARM.Collect$$libinit$$00000000) refers (Special) to libinit2.o(.ARM.Collect$$libinit$$00000019) for __rt_lib_init_lc_numeric_1
    libinit.o(.ARM.Collect$$libinit$$00000000) refers (Special) to libinit2.o(.ARM.Collect$$libinit$$0000001B) for __rt_lib_init_lc_time_1
    libinit.o(.ARM.Collect$$libinit$$00000000) refers (Special) to libinit2.o(.ARM.Collect$$libinit$$00000006) for __rt_lib_init_preinit_1
    libinit.o(.ARM.Collect$$libinit$$00000000) refers (Special) to libinit2.o(.ARM.Collect$$libinit$$00000010) for __rt_lib_init_rand_1
    libinit.o(.ARM.Collect$$libinit$$00000000) refers (Special) to libinit2.o(.ARM.Collect$$libinit$$00000004) for __rt_lib_init_relocate_pie_1
    libinit.o(.ARM.Collect$$libinit$$00000000) refers (Special) to libinit2.o(.ARM.Collect$$libinit$$00000035) for __rt_lib_init_return
    libinit.o(.ARM.Collect$$libinit$$00000000) refers (Special) to libinit2.o(.ARM.Collect$$libinit$$0000001F) for __rt_lib_init_signal_1
    libinit.o(.ARM.Collect$$libinit$$00000000) refers (Special) to libinit2.o(.ARM.Collect$$libinit$$00000027) for __rt_lib_init_stdio_1
    libinit.o(.ARM.Collect$$libinit$$00000000) refers (Special) to libinit2.o(.ARM.Collect$$libinit$$0000000E) for __rt_lib_init_user_alloc_1
    libspace.o(.text) refers to libspace.o(.bss) for __libspace_start
    rtexit.o(.ARM.Collect$$rtexit$$00000000) refers (Special) to rtexit2.o(.ARM.Collect$$rtexit$$00000004) for __rt_exit_exit
    rtexit.o(.ARM.Collect$$rtexit$$00000000) refers (Special) to rtexit2.o(.ARM.Collect$$rtexit$$00000003) for __rt_exit_ls
    rtexit.o(.ARM.Collect$$rtexit$$00000000) refers (Special) to rtexit2.o(.ARM.Collect$$rtexit$$00000002) for __rt_exit_prels_1
    rtexit.o(.ARM.exidx) refers (Special) to rtexit2.o(.ARM.Collect$$rtexit$$00000004) for __rt_exit_exit
    rtexit.o(.ARM.exidx) refers (Special) to rtexit2.o(.ARM.Collect$$rtexit$$00000003) for __rt_exit_ls
    rtexit.o(.ARM.exidx) refers (Special) to rtexit2.o(.ARM.Collect$$rtexit$$00000002) for __rt_exit_prels_1
    rtexit.o(.ARM.exidx) refers to rtexit.o(.ARM.Collect$$rtexit$$00000000) for .ARM.Collect$$rtexit$$00000000
    libinit2.o(.ARM.Collect$$libinit$$00000012) refers to libinit2.o(.ARM.Collect$$libinit$$00000011) for .ARM.Collect$$libinit$$00000011
    libinit2.o(.ARM.Collect$$libinit$$00000014) refers to libinit2.o(.ARM.Collect$$libinit$$00000011) for .ARM.Collect$$libinit$$00000011
    libinit2.o(.ARM.Collect$$libinit$$00000016) refers to libinit2.o(.ARM.Collect$$libinit$$00000011) for .ARM.Collect$$libinit$$00000011
    libinit2.o(.ARM.Collect$$libinit$$00000018) refers to libinit2.o(.ARM.Collect$$libinit$$00000011) for .ARM.Collect$$libinit$$00000011
    libinit2.o(.ARM.Collect$$libinit$$0000001A) refers to libinit2.o(.ARM.Collect$$libinit$$00000011) for .ARM.Collect$$libinit$$00000011
    libinit2.o(.ARM.Collect$$libinit$$00000028) refers to argv_veneer.o(.emb_text) for __ARM_argv_veneer
    libinit2.o(.ARM.Collect$$libinit$$00000029) refers to argv_veneer.o(.emb_text) for __ARM_argv_veneer
    rtexit2.o(.ARM.Collect$$rtexit$$00000003) refers to libshutdown.o(.ARM.Collect$$libshutdown$$00000000) for __rt_lib_shutdown
    rtexit2.o(.ARM.Collect$$rtexit$$00000004) refers to sys_exit.o(.text) for _sys_exit
    rtexit2.o(.ARM.exidx) refers to rtexit2.o(.ARM.Collect$$rtexit$$00000001) for .ARM.Collect$$rtexit$$00000001
    rtexit2.o(.ARM.exidx) refers to rtexit2.o(.ARM.Collect$$rtexit$$00000003) for .ARM.Collect$$rtexit$$00000003
    rtexit2.o(.ARM.exidx) refers to rtexit2.o(.ARM.Collect$$rtexit$$00000004) for .ARM.Collect$$rtexit$$00000004
    argv_veneer.o(.emb_text) refers to no_argv.o(.text) for __ARM_get_argv
    sys_exit.o(.text) refers (Special) to use_no_semi.o(.text) for __I$use$semihosting
    sys_exit.o(.text) refers (Special) to indicate_semi.o(.text) for __semihosting_library_function
    sys_exit_hlt.o(.text) refers (Special) to use_no_semi.o(.text) for __I$use$semihosting
    sys_exit_hlt.o(.text) refers (Special) to indicate_semi.o(.text) for __semihosting_library_function
    _get_argv_nomalloc.o(.text) refers (Special) to hrguard.o(.text) for __heap_region$guard
    _get_argv_nomalloc.o(.text) refers to defsig_rtmem_outer.o(.text) for __rt_SIGRTMEM
    _get_argv_nomalloc.o(.text) refers to sys_command.o(.text) for _sys_command_string
    libshutdown.o(.ARM.Collect$$libshutdown$$00000000) refers (Special) to libshutdown2.o(.ARM.Collect$$libshutdown$$00000002) for __rt_lib_shutdown_cpp_1
    libshutdown.o(.ARM.Collect$$libshutdown$$00000000) refers (Special) to libshutdown2.o(.ARM.Collect$$libshutdown$$00000007) for __rt_lib_shutdown_fp_trap_1
    libshutdown.o(.ARM.Collect$$libshutdown$$00000000) refers (Special) to libshutdown2.o(.ARM.Collect$$libshutdown$$0000000F) for __rt_lib_shutdown_heap_1
    libshutdown.o(.ARM.Collect$$libshutdown$$00000000) refers (Special) to libshutdown2.o(.ARM.Collect$$libshutdown$$00000010) for __rt_lib_shutdown_return
    libshutdown.o(.ARM.Collect$$libshutdown$$00000000) refers (Special) to libshutdown2.o(.ARM.Collect$$libshutdown$$0000000A) for __rt_lib_shutdown_signal_1
    libshutdown.o(.ARM.Collect$$libshutdown$$00000000) refers (Special) to libshutdown2.o(.ARM.Collect$$libshutdown$$00000004) for __rt_lib_shutdown_stdio_1
    libshutdown.o(.ARM.Collect$$libshutdown$$00000000) refers (Special) to libshutdown2.o(.ARM.Collect$$libshutdown$$0000000C) for __rt_lib_shutdown_user_alloc_1
    sys_command.o(.text) refers (Special) to use_no_semi.o(.text) for __I$use$semihosting
    sys_command.o(.text) refers (Special) to indicate_semi.o(.text) for __semihosting_library_function
    sys_command_hlt.o(.text) refers (Special) to use_no_semi.o(.text) for __I$use$semihosting
    sys_command_hlt.o(.text) refers (Special) to indicate_semi.o(.text) for __semihosting_library_function
    defsig_rtmem_outer.o(.text) refers to defsig_rtmem_inner.o(.text) for __rt_SIGRTMEM_inner
    defsig_rtmem_outer.o(.text) refers to defsig_exit.o(.text) for __sig_exit
    defsig_rtmem_formal.o(.text) refers to rt_raise.o(.text) for __rt_raise
    rt_raise.o(.text) refers to __raise.o(.text) for __raise
    rt_raise.o(.text) refers to sys_exit.o(.text) for _sys_exit
    defsig_exit.o(.text) refers to sys_exit.o(.text) for _sys_exit
    defsig_rtmem_inner.o(.text) refers to defsig_general.o(.text) for __default_signal_display
    __raise.o(.text) refers to defsig.o(CL$$defsig) for __default_signal_handler
    defsig_general.o(.text) refers to sys_wrch.o(.text) for _ttywrch
    sys_wrch.o(.text) refers (Special) to use_no_semi.o(.text) for __I$use$semihosting
    sys_wrch.o(.text) refers (Special) to indicate_semi.o(.text) for __semihosting_library_function
    sys_wrch_hlt.o(.text) refers (Special) to use_no_semi.o(.text) for __I$use$semihosting
    sys_wrch_hlt.o(.text) refers (Special) to indicate_semi.o(.text) for __semihosting_library_function
    defsig.o(CL$$defsig) refers to defsig_rtmem_inner.o(.text) for __rt_SIGRTMEM_inner
    defsig_abrt_inner.o(.text) refers to defsig_general.o(.text) for __default_signal_display
    defsig_fpe_inner.o(.text) refers to defsig_general.o(.text) for __default_signal_display
    defsig_rtred_inner.o(.text) refers to defsig_general.o(.text) for __default_signal_display
    defsig_stak_inner.o(.text) refers to defsig_general.o(.text) for __default_signal_display
    defsig_pvfn_inner.o(.text) refers to defsig_general.o(.text) for __default_signal_display
    defsig_cppl_inner.o(.text) refers to defsig_general.o(.text) for __default_signal_display
    defsig_segv_inner.o(.text) refers to defsig_general.o(.text) for __default_signal_display
    defsig_other.o(.text) refers to defsig_general.o(.text) for __default_signal_display


==============================================================================

Removing Unused input sections from the image.

    Removing main.o(.ARM.exidx), (32 bytes).
    Removing main.o(.ARM.use_no_argv), (4 bytes).
    Removing usart.o(.ARM.exidx), (24 bytes).
    Removing delay.o(.ARM.exidx), (24 bytes).
    Removing tinycmd.o(.ARM.exidx), (192 bytes).
    Removing misc.o(.ARM.exidx), (40 bytes).
    Removing stm32f10x_adc.o(.text), (2200 bytes).
    Removing stm32f10x_adc.o(.ARM.exidx), (288 bytes).
    Removing stm32f10x_bkp.o(.text), (358 bytes).
    Removing stm32f10x_bkp.o(.ARM.exidx), (96 bytes).
    Removing stm32f10x_can.o(.text), (3882 bytes).
    Removing stm32f10x_can.o(.ARM.exidx), (200 bytes).
    Removing stm32f10x_cec.o(.text), (550 bytes).
    Removing stm32f10x_cec.o(.ARM.exidx), (112 bytes).
    Removing stm32f10x_crc.o(.text), (156 bytes).
    Removing stm32f10x_crc.o(.ARM.exidx), (48 bytes).
    Removing stm32f10x_dac.o(.text), (676 bytes).
    Removing stm32f10x_dac.o(.ARM.exidx), (96 bytes).
    Removing stm32f10x_dbgmcu.o(.text), (84 bytes).
    Removing stm32f10x_dbgmcu.o(.ARM.exidx), (24 bytes).
    Removing stm32f10x_dma.o(.text), (974 bytes).
    Removing stm32f10x_dma.o(.ARM.exidx), (88 bytes).
    Removing stm32f10x_exti.o(.text), (504 bytes).
    Removing stm32f10x_exti.o(.ARM.exidx), (64 bytes).
    Removing stm32f10x_flash.o(.text), (2436 bytes).
    Removing stm32f10x_flash.o(.ARM.exidx), (224 bytes).
    Removing stm32f10x_fsmc.o(.text), (2068 bytes).
    Removing stm32f10x_fsmc.o(.ARM.exidx), (152 bytes).
    Removing stm32f10x_gpio.o(.ARM.exidx), (144 bytes).
    Removing stm32f10x_i2c.o(.text), (1870 bytes).
    Removing stm32f10x_i2c.o(.ARM.exidx), (264 bytes).
    Removing stm32f10x_iwdg.o(.text), (152 bytes).
    Removing stm32f10x_iwdg.o(.ARM.exidx), (48 bytes).
    Removing stm32f10x_pwr.o(.text), (338 bytes).
    Removing stm32f10x_pwr.o(.ARM.exidx), (72 bytes).
    Removing stm32f10x_rcc.o(.ARM.exidx), (256 bytes).
    Removing stm32f10x_rtc.o(.text), (640 bytes).
    Removing stm32f10x_rtc.o(.ARM.exidx), (112 bytes).
    Removing stm32f10x_sdio.o(.text), (988 bytes).
    Removing stm32f10x_sdio.o(.ARM.exidx), (240 bytes).
    Removing stm32f10x_spi.o(.text), (1464 bytes).
    Removing stm32f10x_spi.o(.ARM.exidx), (184 bytes).
    Removing stm32f10x_tim.o(.text), (7630 bytes).
    Removing stm32f10x_tim.o(.ARM.exidx), (728 bytes).
    Removing stm32f10x_usart.o(.ARM.exidx), (232 bytes).
    Removing stm32f10x_wwdg.o(.text), (214 bytes).
    Removing stm32f10x_wwdg.o(.ARM.exidx), (64 bytes).
    Removing system_stm32f10x.o(.ARM.exidx), (32 bytes).

48 unused section(s) (total 31268 bytes) removed from the image.

==============================================================================

Image Symbol Table

    Local Symbols

    Symbol Name                              Value     Ov Type        Size  Object(Section)

    ../clib/angel/boardlib.s                 0x00000000   Number         0  boardinit1.o ABSOLUTE
    ../clib/angel/boardlib.s                 0x00000000   Number         0  boardinit2.o ABSOLUTE
    ../clib/angel/boardlib.s                 0x00000000   Number         0  boardinit3.o ABSOLUTE
    ../clib/angel/boardlib.s                 0x00000000   Number         0  boardshut.o ABSOLUTE
    ../clib/angel/handlers.s                 0x00000000   Number         0  __scatter_copy.o ABSOLUTE
    ../clib/angel/handlers.s                 0x00000000   Number         0  __scatter_zi.o ABSOLUTE
    ../clib/angel/kernel.s                   0x00000000   Number         0  __rtentry.o ABSOLUTE
    ../clib/angel/kernel.s                   0x00000000   Number         0  __rtentry2.o ABSOLUTE
    ../clib/angel/kernel.s                   0x00000000   Number         0  __rtentry4.o ABSOLUTE
    ../clib/angel/kernel.s                   0x00000000   Number         0  rtexit.o ABSOLUTE
    ../clib/angel/kernel.s                   0x00000000   Number         0  rtexit2.o ABSOLUTE
    ../clib/angel/rt.s                       0x00000000   Number         0  rt_raise.o ABSOLUTE
    ../clib/angel/scatter.s                  0x00000000   Number         0  __scatter.o ABSOLUTE
    ../clib/angel/startup.s                  0x00000000   Number         0  __main.o ABSOLUTE
    ../clib/angel/sys.s                      0x00000000   Number         0  sys_stackheap_outer.o ABSOLUTE
    ../clib/angel/sys.s                      0x00000000   Number         0  libspace.o ABSOLUTE
    ../clib/angel/sys.s                      0x00000000   Number         0  use_no_semi.o ABSOLUTE
    ../clib/angel/sys.s                      0x00000000   Number         0  indicate_semi.o ABSOLUTE
    ../clib/angel/sysapp.c                   0x00000000   Number         0  sys_exit.o ABSOLUTE
    ../clib/angel/sysapp.c                   0x00000000   Number         0  sys_exit_hlt.o ABSOLUTE
    ../clib/angel/sysapp.c                   0x00000000   Number         0  sys_command.o ABSOLUTE
    ../clib/angel/sysapp.c                   0x00000000   Number         0  sys_command_hlt.o ABSOLUTE
    ../clib/angel/sysapp.c                   0x00000000   Number         0  sys_wrch.o ABSOLUTE
    ../clib/angel/sysapp.c                   0x00000000   Number         0  sys_wrch_hlt.o ABSOLUTE
    ../clib/armsys.c                         0x00000000   Number         0  argv_veneer.o ABSOLUTE
    ../clib/armsys.c                         0x00000000   Number         0  argv_veneer.o ABSOLUTE
    ../clib/armsys.c                         0x00000000   Number         0  _get_argv_nomalloc.o ABSOLUTE
    ../clib/armsys.c                         0x00000000   Number         0  no_argv.o ABSOLUTE
    ../clib/heapalloc.c                      0x00000000   Number         0  hrguard.o ABSOLUTE
    ../clib/heapaux.c                        0x00000000   Number         0  heapauxi.o ABSOLUTE
    ../clib/libinit.s                        0x00000000   Number         0  libinit.o ABSOLUTE
    ../clib/libinit.s                        0x00000000   Number         0  libinit2.o ABSOLUTE
    ../clib/libinit.s                        0x00000000   Number         0  libshutdown.o ABSOLUTE
    ../clib/libinit.s                        0x00000000   Number         0  libshutdown2.o ABSOLUTE
    ../clib/signal.c                         0x00000000   Number         0  defsig_rtmem_outer.o ABSOLUTE
    ../clib/signal.c                         0x00000000   Number         0  defsig_rtmem_formal.o ABSOLUTE
    ../clib/signal.c                         0x00000000   Number         0  defsig_exit.o ABSOLUTE
    ../clib/signal.c                         0x00000000   Number         0  defsig_rtmem_inner.o ABSOLUTE
    ../clib/signal.c                         0x00000000   Number         0  __raise.o ABSOLUTE
    ../clib/signal.c                         0x00000000   Number         0  defsig_general.o ABSOLUTE
    ../clib/signal.c                         0x00000000   Number         0  defsig_abrt_inner.o ABSOLUTE
    ../clib/signal.c                         0x00000000   Number         0  defsig_fpe_inner.o ABSOLUTE
    ../clib/signal.c                         0x00000000   Number         0  defsig_rtred_inner.o ABSOLUTE
    ../clib/signal.c                         0x00000000   Number         0  defsig_stak_inner.o ABSOLUTE
    ../clib/signal.c                         0x00000000   Number         0  defsig_pvfn_inner.o ABSOLUTE
    ../clib/signal.c                         0x00000000   Number         0  defsig_cppl_inner.o ABSOLUTE
    ../clib/signal.c                         0x00000000   Number         0  defsig_segv_inner.o ABSOLUTE
    ../clib/signal.c                         0x00000000   Number         0  defsig_other.o ABSOLUTE
    ../clib/signal.s                         0x00000000   Number         0  defsig.o ABSOLUTE
    ../clib/stdlib.c                         0x00000000   Number         0  exit.o ABSOLUTE
    ../fplib/d2f.s                           0x00000000   Number         0  d2f.o ABSOLUTE
    ../fplib/daddsub.s                       0x00000000   Number         0  daddsub_clz.o ABSOLUTE
    ../fplib/ddiv.s                          0x00000000   Number         0  ddiv.o ABSOLUTE
    ../fplib/dfix.s                          0x00000000   Number         0  dfix.o ABSOLUTE
    ../fplib/dflt.s                          0x00000000   Number         0  dflt_clz.o ABSOLUTE
    ../fplib/dmul.s                          0x00000000   Number         0  dmul.o ABSOLUTE
    ../fplib/dnaninf.s                       0x00000000   Number         0  dnaninf.o ABSOLUTE
    ../fplib/dretinf.s                       0x00000000   Number         0  dretinf.o ABSOLUTE
    ../fplib/fpinit.s                        0x00000000   Number         0  fpinit.o ABSOLUTE
    ../fplib/fpinit_empty.s                  0x00000000   Number         0  fpinit_empty.o ABSOLUTE
    ../fplib/fretinf.s                       0x00000000   Number         0  fretinf.o ABSOLUTE
    ../fplib/usenofp.s                       0x00000000   Number         0  usenofp.o ABSOLUTE
    Delay.c                                  0x00000000   Number         0  delay.o ABSOLUTE
    RTE/Device/STM32F103C8/startup_stm32f10x_md.s 0x00000000   Number         0  startup_stm32f10x_md.o ABSOLUTE
    TinyCmd.c                                0x00000000   Number         0  tinycmd.o ABSOLUTE
    USART.c                                  0x00000000   Number         0  usart.o ABSOLUTE
    dc.s                                     0x00000000   Number         0  dc.o ABSOLUTE
    main.c                                   0x00000000   Number         0  main.o ABSOLUTE
    misc.c                                   0x00000000   Number         0  misc.o ABSOLUTE
    stm32f10x_adc.c                          0x00000000   Number         0  stm32f10x_adc.o ABSOLUTE
    stm32f10x_bkp.c                          0x00000000   Number         0  stm32f10x_bkp.o ABSOLUTE
    stm32f10x_can.c                          0x00000000   Number         0  stm32f10x_can.o ABSOLUTE
    stm32f10x_cec.c                          0x00000000   Number         0  stm32f10x_cec.o ABSOLUTE
    stm32f10x_crc.c                          0x00000000   Number         0  stm32f10x_crc.o ABSOLUTE
    stm32f10x_dac.c                          0x00000000   Number         0  stm32f10x_dac.o ABSOLUTE
    stm32f10x_dbgmcu.c                       0x00000000   Number         0  stm32f10x_dbgmcu.o ABSOLUTE
    stm32f10x_dma.c                          0x00000000   Number         0  stm32f10x_dma.o ABSOLUTE
    stm32f10x_exti.c                         0x00000000   Number         0  stm32f10x_exti.o ABSOLUTE
    stm32f10x_flash.c                        0x00000000   Number         0  stm32f10x_flash.o ABSOLUTE
    stm32f10x_fsmc.c                         0x00000000   Number         0  stm32f10x_fsmc.o ABSOLUTE
    stm32f10x_gpio.c                         0x00000000   Number         0  stm32f10x_gpio.o ABSOLUTE
    stm32f10x_i2c.c                          0x00000000   Number         0  stm32f10x_i2c.o ABSOLUTE
    stm32f10x_iwdg.c                         0x00000000   Number         0  stm32f10x_iwdg.o ABSOLUTE
    stm32f10x_pwr.c                          0x00000000   Number         0  stm32f10x_pwr.o ABSOLUTE
    stm32f10x_rcc.c                          0x00000000   Number         0  stm32f10x_rcc.o ABSOLUTE
    stm32f10x_rtc.c                          0x00000000   Number         0  stm32f10x_rtc.o ABSOLUTE
    stm32f10x_sdio.c                         0x00000000   Number         0  stm32f10x_sdio.o ABSOLUTE
    stm32f10x_spi.c                          0x00000000   Number         0  stm32f10x_spi.o ABSOLUTE
    stm32f10x_tim.c                          0x00000000   Number         0  stm32f10x_tim.o ABSOLUTE
    stm32f10x_usart.c                        0x00000000   Number         0  stm32f10x_usart.o ABSOLUTE
    stm32f10x_wwdg.c                         0x00000000   Number         0  stm32f10x_wwdg.o ABSOLUTE
    system_stm32f10x.c                       0x00000000   Number         0  system_stm32f10x.o ABSOLUTE
    RESET                                    0x08000000   Section      236  startup_stm32f10x_md.o(RESET)
    !!!main                                  0x080000ec   Section        8  __main.o(!!!main)
    !!!scatter                               0x080000f4   Section       92  __scatter.o(!!!scatter)
    !!handler_copy                           0x08000150   Section       26  __scatter_copy.o(!!handler_copy)
    !!handler_null                           0x0800016c   Section        2  __scatter.o(!!handler_null)
    !!handler_zi                             0x08000170   Section       28  __scatter_zi.o(!!handler_zi)
    .ARM.Collect$$libinit$$00000000          0x0800018c   Section        2  libinit.o(.ARM.Collect$$libinit$$00000000)
    .ARM.Collect$$libinit$$00000002          0x0800018e   Section        0  libinit2.o(.ARM.Collect$$libinit$$00000002)
    .ARM.Collect$$libinit$$00000004          0x0800018e   Section        0  libinit2.o(.ARM.Collect$$libinit$$00000004)
    .ARM.Collect$$libinit$$00000006          0x0800018e   Section        0  libinit2.o(.ARM.Collect$$libinit$$00000006)
    .ARM.Collect$$libinit$$0000000C          0x0800018e   Section        0  libinit2.o(.ARM.Collect$$libinit$$0000000C)
    .ARM.Collect$$libinit$$0000000E          0x0800018e   Section        0  libinit2.o(.ARM.Collect$$libinit$$0000000E)
    .ARM.Collect$$libinit$$00000010          0x0800018e   Section        0  libinit2.o(.ARM.Collect$$libinit$$00000010)
    .ARM.Collect$$libinit$$00000013          0x0800018e   Section        0  libinit2.o(.ARM.Collect$$libinit$$00000013)
    .ARM.Collect$$libinit$$00000015          0x0800018e   Section        0  libinit2.o(.ARM.Collect$$libinit$$00000015)
    .ARM.Collect$$libinit$$00000017          0x0800018e   Section        0  libinit2.o(.ARM.Collect$$libinit$$00000017)
    .ARM.Collect$$libinit$$00000019          0x0800018e   Section        0  libinit2.o(.ARM.Collect$$libinit$$00000019)
    .ARM.Collect$$libinit$$0000001B          0x0800018e   Section        0  libinit2.o(.ARM.Collect$$libinit$$0000001B)
    .ARM.Collect$$libinit$$0000001D          0x0800018e   Section        0  libinit2.o(.ARM.Collect$$libinit$$0000001D)
    .ARM.Collect$$libinit$$0000001F          0x0800018e   Section        0  libinit2.o(.ARM.Collect$$libinit$$0000001F)
    .ARM.Collect$$libinit$$00000021          0x0800018e   Section        0  libinit2.o(.ARM.Collect$$libinit$$00000021)
    .ARM.Collect$$libinit$$00000023          0x0800018e   Section        0  libinit2.o(.ARM.Collect$$libinit$$00000023)
    .ARM.Collect$$libinit$$00000025          0x0800018e   Section        0  libinit2.o(.ARM.Collect$$libinit$$00000025)
    .ARM.Collect$$libinit$$00000027          0x0800018e   Section        0  libinit2.o(.ARM.Collect$$libinit$$00000027)
    .ARM.Collect$$libinit$$0000002E          0x0800018e   Section        0  libinit2.o(.ARM.Collect$$libinit$$0000002E)
    .ARM.Collect$$libinit$$00000030          0x0800018e   Section        0  libinit2.o(.ARM.Collect$$libinit$$00000030)
    .ARM.Collect$$libinit$$00000032          0x0800018e   Section        0  libinit2.o(.ARM.Collect$$libinit$$00000032)
    .ARM.Collect$$libinit$$00000034          0x0800018e   Section        0  libinit2.o(.ARM.Collect$$libinit$$00000034)
    .ARM.Collect$$libinit$$00000035          0x0800018e   Section        2  libinit2.o(.ARM.Collect$$libinit$$00000035)
    .ARM.Collect$$libshutdown$$00000000      0x08000190   Section        2  libshutdown.o(.ARM.Collect$$libshutdown$$00000000)
    .ARM.Collect$$libshutdown$$00000002      0x08000192   Section        0  libshutdown2.o(.ARM.Collect$$libshutdown$$00000002)
    .ARM.Collect$$libshutdown$$00000004      0x08000192   Section        0  libshutdown2.o(.ARM.Collect$$libshutdown$$00000004)
    .ARM.Collect$$libshutdown$$00000007      0x08000192   Section        0  libshutdown2.o(.ARM.Collect$$libshutdown$$00000007)
    .ARM.Collect$$libshutdown$$0000000A      0x08000192   Section        0  libshutdown2.o(.ARM.Collect$$libshutdown$$0000000A)
    .ARM.Collect$$libshutdown$$0000000C      0x08000192   Section        0  libshutdown2.o(.ARM.Collect$$libshutdown$$0000000C)
    .ARM.Collect$$libshutdown$$0000000F      0x08000192   Section        0  libshutdown2.o(.ARM.Collect$$libshutdown$$0000000F)
    .ARM.Collect$$libshutdown$$00000010      0x08000192   Section        2  libshutdown2.o(.ARM.Collect$$libshutdown$$00000010)
    .ARM.Collect$$rtentry$$00000000          0x08000194   Section        0  __rtentry.o(.ARM.Collect$$rtentry$$00000000)
    .ARM.Collect$$rtentry$$00000002          0x08000194   Section        0  __rtentry2.o(.ARM.Collect$$rtentry$$00000002)
    .ARM.Collect$$rtentry$$00000004          0x08000194   Section        6  __rtentry4.o(.ARM.Collect$$rtentry$$00000004)
    .ARM.Collect$$rtentry$$00000009          0x0800019a   Section        0  __rtentry2.o(.ARM.Collect$$rtentry$$00000009)
    .ARM.Collect$$rtentry$$0000000A          0x0800019a   Section        4  __rtentry2.o(.ARM.Collect$$rtentry$$0000000A)
    .ARM.Collect$$rtentry$$0000000C          0x0800019e   Section        0  __rtentry2.o(.ARM.Collect$$rtentry$$0000000C)
    .ARM.Collect$$rtentry$$0000000D          0x0800019e   Section        8  __rtentry2.o(.ARM.Collect$$rtentry$$0000000D)
    .ARM.Collect$$rtexit$$00000000           0x080001a6   Section        2  rtexit.o(.ARM.Collect$$rtexit$$00000000)
    .ARM.Collect$$rtexit$$00000002           0x080001a8   Section        0  rtexit2.o(.ARM.Collect$$rtexit$$00000002)
    .ARM.Collect$$rtexit$$00000003           0x080001a8   Section        4  rtexit2.o(.ARM.Collect$$rtexit$$00000003)
    .ARM.Collect$$rtexit$$00000004           0x080001ac   Section        6  rtexit2.o(.ARM.Collect$$rtexit$$00000004)
    [Anonymous Symbol]                       0x080001b4   Section        0  main.o(.text)
    [Anonymous Symbol]                       0x080003bc   Section        0  usart.o(.text)
    [Anonymous Symbol]                       0x080004d8   Section        0  delay.o(.text)
    [Anonymous Symbol]                       0x0800056c   Section        0  tinycmd.o(.text)
    TinyCmd_isspace                          0x080007bd   Thumb Code    88  tinycmd.o(.text)
    TinyCmd_isdigit                          0x08000815   Thumb Code    40  tinycmd.o(.text)
    TinyCmd_tolower                          0x0800083d   Thumb Code    56  tinycmd.o(.text)
    TinyCmd_pow                              0x08000875   Thumb Code   194  tinycmd.o(.text)
    TinyCmd_trim                             0x08000a81   Thumb Code   158  tinycmd.o(.text)
    TinyCmd_strtok_s                         0x08000b21   Thumb Code   210  tinycmd.o(.text)
    TinyCmd_strcmp                           0x08000bf5   Thumb Code    90  tinycmd.o(.text)
    TinyCmd_Buf_Clear                        0x08000c51   Thumb Code   126  tinycmd.o(.text)
    TinyCmd_strlen                           0x08000d6d   Thumb Code    38  tinycmd.o(.text)
    str_to_uint                              0x08001011   Thumb Code   174  tinycmd.o(.text)
    str_to_int                               0x080010c1   Thumb Code    88  tinycmd.o(.text)
    TinyCmd_strchr                           0x080014cd   Thumb Code    82  tinycmd.o(.text)
    [Anonymous Symbol]                       0x08001520   Section        0  misc.o(.text)
    [Anonymous Symbol]                       0x08001678   Section        0  stm32f10x_gpio.o(.text)
    [Anonymous Symbol]                       0x08001c28   Section        0  stm32f10x_rcc.o(.text)
    [Anonymous Symbol]                       0x08002324   Section        0  stm32f10x_usart.o(.text)
    .text                                    0x08002a58   Section       64  startup_stm32f10x_md.o(.text)
    [Anonymous Symbol]                       0x08002a98   Section        0  system_stm32f10x.o(.text)
    SetSysClock                              0x08002b01   Thumb Code     8  system_stm32f10x.o(.text)
    SetSysClockTo72                          0x08002c2d   Thumb Code   290  system_stm32f10x.o(.text)
    .text                                    0x08002d4e   Section        0  heapauxi.o(.text)
    .text                                    0x08002d54   Section       74  sys_stackheap_outer.o(.text)
    .text                                    0x08002d9e   Section        0  exit.o(.text)
    .text                                    0x08002db0   Section        8  libspace.o(.text)
    .text                                    0x08002db8   Section        0  sys_exit.o(.text)
    .text                                    0x08002dc4   Section        2  use_no_semi.o(.text)
    .text                                    0x08002dc6   Section        0  indicate_semi.o(.text)
    x$fpl$d2f                                0x08002dc8   Section       98  d2f.o(x$fpl$d2f)
    x$fpl$dadd                               0x08002e2c   Section      336  daddsub_clz.o(x$fpl$dadd)
    _dadd1                                   0x08002e3d   Thumb Code     0  daddsub_clz.o(x$fpl$dadd)
    x$fpl$ddiv                               0x08002f7c   Section      696  ddiv.o(x$fpl$ddiv)
    ddiv_entry                               0x08002f83   Thumb Code     0  ddiv.o(x$fpl$ddiv)
    x$fpl$dfix                               0x08003234   Section       94  dfix.o(x$fpl$dfix)
    x$fpl$dflt                               0x08003292   Section       46  dflt_clz.o(x$fpl$dflt)
    x$fpl$dmul                               0x080032c0   Section      340  dmul.o(x$fpl$dmul)
    x$fpl$dnaninf                            0x08003414   Section      156  dnaninf.o(x$fpl$dnaninf)
    x$fpl$dretinf                            0x080034b0   Section       12  dretinf.o(x$fpl$dretinf)
    x$fpl$dsub                               0x080034bc   Section      476  daddsub_clz.o(x$fpl$dsub)
    _dsub1                                   0x080034cd   Thumb Code     0  daddsub_clz.o(x$fpl$dsub)
    x$fpl$fretinf                            0x08003698   Section       10  fretinf.o(x$fpl$fretinf)
    ADCPrescTable                            0x080036a2   Data           4  stm32f10x_rcc.o(.rodata.ADCPrescTable)
    [Anonymous Symbol]                       0x080036a2   Section        0  stm32f10x_rcc.o(.rodata.ADCPrescTable)
    x$fpl$usenofp                            0x080036a2   Section        0  usenofp.o(x$fpl$usenofp)
    APBAHBPrescTable                         0x080036b6   Data          16  stm32f10x_rcc.o(.rodata.APBAHBPrescTable)
    [Anonymous Symbol]                       0x080036b6   Section        0  stm32f10x_rcc.o(.rodata.APBAHBPrescTable)
    [Anonymous Symbol]                       0x080036c6   Section        0  main.o(.rodata.str1.1)
    .L.str.1                                 0x080036ca   Data           4  main.o(.rodata.str1.1)
    .L.str                                   0x080036ce   Data           3  main.o(.rodata.str1.1)
    .L.str.5                                 0x080036d1   Data          20  main.o(.rodata.str1.1)
    .L.str.2                                 0x080036e5   Data           6  main.o(.rodata.str1.1)
    .L.str.6                                 0x080036eb   Data          19  main.o(.rodata.str1.1)
    .L.str.3                                 0x080036fe   Data          15  main.o(.rodata.str1.1)
    .L.str                                   0x0800370d   Data           2  tinycmd.o(.rodata.str1.1)
    [Anonymous Symbol]                       0x0800370d   Section        0  tinycmd.o(.rodata.str1.1)
    .bss                                     0x20000010   Section       96  libspace.o(.bss)
    strtok_next                              0x200000d8   Data           4  tinycmd.o(.bss.strtok_next)
    [Anonymous Symbol]                       0x200000d8   Section        0  tinycmd.o(.bss.strtok_next)
    Heap_Mem                                 0x200000e0   Data         512  startup_stm32f10x_md.o(HEAP)
    HEAP                                     0x200000e0   Section      512  startup_stm32f10x_md.o(HEAP)
    Stack_Mem                                0x200002e0   Data        1024  startup_stm32f10x_md.o(STACK)
    STACK                                    0x200002e0   Section     1024  startup_stm32f10x_md.o(STACK)
    __initial_sp                             0x200006e0   Data           0  startup_stm32f10x_md.o(STACK)

    Global Symbols

    Symbol Name                              Value     Ov Type        Size  Object(Section)

    BuildAttributes$$THM_ISAv4$P$D$K$B$S$PE$A:L22UL41UL21$X:L11$S22US41US21$IEEE1$IW$~IW$USESV6$~STKCKD$USESV7$WCHAR32$ENUMINT$~SHL$OSPACE$ROPI$EBA8$UX$STANDARDLIB$REQ8$PRES8$EABIv2 0x00000000   Number         0  anon$$obj.o ABSOLUTE
    __fp_init_empty                          0x00000000   Number         0  fpinit_empty.o ABSOLUTE
    __ARM_exceptions_init                     - Undefined Weak Reference
    __alloca_initialize                       - Undefined Weak Reference
    __arm_preinit_                            - Undefined Weak Reference
    __arm_relocate_pie_                       - Undefined Weak Reference
    __cpp_initialize__aeabi_                  - Undefined Weak Reference
    __cxa_finalize                            - Undefined Weak Reference
    __rt_locale                               - Undefined Weak Reference
    __sigvec_lookup                           - Undefined Weak Reference
    _atexit_init                              - Undefined Weak Reference
    _call_atexit_fns                          - Undefined Weak Reference
    _clock_init                               - Undefined Weak Reference
    _fp_trap_init                             - Undefined Weak Reference
    _fp_trap_shutdown                         - Undefined Weak Reference
    _get_lc_collate                           - Undefined Weak Reference
    _get_lc_ctype                             - Undefined Weak Reference
    _get_lc_monetary                          - Undefined Weak Reference
    _get_lc_numeric                           - Undefined Weak Reference
    _get_lc_time                              - Undefined Weak Reference
    _getenv_init                              - Undefined Weak Reference
    _handle_redirection                       - Undefined Weak Reference
    _init_alloc                               - Undefined Weak Reference
    _init_user_alloc                          - Undefined Weak Reference
    _initio                                   - Undefined Weak Reference
    _rand_init                                - Undefined Weak Reference
    _signal_finish                            - Undefined Weak Reference
    _signal_init                              - Undefined Weak Reference
    _terminate_alloc                          - Undefined Weak Reference
    _terminate_user_alloc                     - Undefined Weak Reference
    _terminateio                              - Undefined Weak Reference
    __Vectors_Size                           0x000000ec   Number         0  startup_stm32f10x_md.o ABSOLUTE
    __Vectors                                0x08000000   Data           4  startup_stm32f10x_md.o(RESET)
    __Vectors_End                            0x080000ec   Data           0  startup_stm32f10x_md.o(RESET)
    __main                                   0x080000ed   Thumb Code     8  __main.o(!!!main)
    __scatterload                            0x080000f5   Thumb Code     0  __scatter.o(!!!scatter)
    __scatterload_rt2                        0x080000f5   Thumb Code    84  __scatter.o(!!!scatter)
    __scatterload_rt2_thumb_only             0x080000f5   Thumb Code     0  __scatter.o(!!!scatter)
    __scatterload_loop                       0x080000ff   Thumb Code     0  __scatter.o(!!!scatter)
    __scatterload_copy                       0x08000151   Thumb Code    26  __scatter_copy.o(!!handler_copy)
    __scatterload_null                       0x0800016d   Thumb Code     2  __scatter.o(!!handler_null)
    __scatterload_zeroinit                   0x08000171   Thumb Code    28  __scatter_zi.o(!!handler_zi)
    __rt_lib_init                            0x0800018d   Thumb Code     0  libinit.o(.ARM.Collect$$libinit$$00000000)
    __rt_lib_init_alloca_1                   0x0800018f   Thumb Code     0  libinit2.o(.ARM.Collect$$libinit$$00000030)
    __rt_lib_init_argv_1                     0x0800018f   Thumb Code     0  libinit2.o(.ARM.Collect$$libinit$$0000002E)
    __rt_lib_init_atexit_1                   0x0800018f   Thumb Code     0  libinit2.o(.ARM.Collect$$libinit$$0000001D)
    __rt_lib_init_clock_1                    0x0800018f   Thumb Code     0  libinit2.o(.ARM.Collect$$libinit$$00000023)
    __rt_lib_init_cpp_1                      0x0800018f   Thumb Code     0  libinit2.o(.ARM.Collect$$libinit$$00000034)
    __rt_lib_init_exceptions_1               0x0800018f   Thumb Code     0  libinit2.o(.ARM.Collect$$libinit$$00000032)
    __rt_lib_init_fp_1                       0x0800018f   Thumb Code     0  libinit2.o(.ARM.Collect$$libinit$$00000002)
    __rt_lib_init_fp_trap_1                  0x0800018f   Thumb Code     0  libinit2.o(.ARM.Collect$$libinit$$00000021)
    __rt_lib_init_getenv_1                   0x0800018f   Thumb Code     0  libinit2.o(.ARM.Collect$$libinit$$00000025)
    __rt_lib_init_heap_1                     0x0800018f   Thumb Code     0  libinit2.o(.ARM.Collect$$libinit$$0000000C)
    __rt_lib_init_lc_collate_1               0x0800018f   Thumb Code     0  libinit2.o(.ARM.Collect$$libinit$$00000013)
    __rt_lib_init_lc_ctype_1                 0x0800018f   Thumb Code     0  libinit2.o(.ARM.Collect$$libinit$$00000015)
    __rt_lib_init_lc_monetary_1              0x0800018f   Thumb Code     0  libinit2.o(.ARM.Collect$$libinit$$00000017)
    __rt_lib_init_lc_numeric_1               0x0800018f   Thumb Code     0  libinit2.o(.ARM.Collect$$libinit$$00000019)
    __rt_lib_init_lc_time_1                  0x0800018f   Thumb Code     0  libinit2.o(.ARM.Collect$$libinit$$0000001B)
    __rt_lib_init_preinit_1                  0x0800018f   Thumb Code     0  libinit2.o(.ARM.Collect$$libinit$$00000006)
    __rt_lib_init_rand_1                     0x0800018f   Thumb Code     0  libinit2.o(.ARM.Collect$$libinit$$00000010)
    __rt_lib_init_relocate_pie_1             0x0800018f   Thumb Code     0  libinit2.o(.ARM.Collect$$libinit$$00000004)
    __rt_lib_init_return                     0x0800018f   Thumb Code     0  libinit2.o(.ARM.Collect$$libinit$$00000035)
    __rt_lib_init_signal_1                   0x0800018f   Thumb Code     0  libinit2.o(.ARM.Collect$$libinit$$0000001F)
    __rt_lib_init_stdio_1                    0x0800018f   Thumb Code     0  libinit2.o(.ARM.Collect$$libinit$$00000027)
    __rt_lib_init_user_alloc_1               0x0800018f   Thumb Code     0  libinit2.o(.ARM.Collect$$libinit$$0000000E)
    __rt_lib_shutdown                        0x08000191   Thumb Code     0  libshutdown.o(.ARM.Collect$$libshutdown$$00000000)
    __rt_lib_shutdown_cpp_1                  0x08000193   Thumb Code     0  libshutdown2.o(.ARM.Collect$$libshutdown$$00000002)
    __rt_lib_shutdown_fp_trap_1              0x08000193   Thumb Code     0  libshutdown2.o(.ARM.Collect$$libshutdown$$00000007)
    __rt_lib_shutdown_heap_1                 0x08000193   Thumb Code     0  libshutdown2.o(.ARM.Collect$$libshutdown$$0000000F)
    __rt_lib_shutdown_return                 0x08000193   Thumb Code     0  libshutdown2.o(.ARM.Collect$$libshutdown$$00000010)
    __rt_lib_shutdown_signal_1               0x08000193   Thumb Code     0  libshutdown2.o(.ARM.Collect$$libshutdown$$0000000A)
    __rt_lib_shutdown_stdio_1                0x08000193   Thumb Code     0  libshutdown2.o(.ARM.Collect$$libshutdown$$00000004)
    __rt_lib_shutdown_user_alloc_1           0x08000193   Thumb Code     0  libshutdown2.o(.ARM.Collect$$libshutdown$$0000000C)
    __rt_entry                               0x08000195   Thumb Code     0  __rtentry.o(.ARM.Collect$$rtentry$$00000000)
    __rt_entry_presh_1                       0x08000195   Thumb Code     0  __rtentry2.o(.ARM.Collect$$rtentry$$00000002)
    __rt_entry_sh                            0x08000195   Thumb Code     0  __rtentry4.o(.ARM.Collect$$rtentry$$00000004)
    __rt_entry_li                            0x0800019b   Thumb Code     0  __rtentry2.o(.ARM.Collect$$rtentry$$0000000A)
    __rt_entry_postsh_1                      0x0800019b   Thumb Code     0  __rtentry2.o(.ARM.Collect$$rtentry$$00000009)
    __rt_entry_main                          0x0800019f   Thumb Code     0  __rtentry2.o(.ARM.Collect$$rtentry$$0000000D)
    __rt_entry_postli_1                      0x0800019f   Thumb Code     0  __rtentry2.o(.ARM.Collect$$rtentry$$0000000C)
    __rt_exit                                0x080001a7   Thumb Code     0  rtexit.o(.ARM.Collect$$rtexit$$00000000)
    __rt_exit_ls                             0x080001a9   Thumb Code     0  rtexit2.o(.ARM.Collect$$rtexit$$00000003)
    __rt_exit_prels_1                        0x080001a9   Thumb Code     0  rtexit2.o(.ARM.Collect$$rtexit$$00000002)
    __rt_exit_exit                           0x080001ad   Thumb Code     0  rtexit2.o(.ARM.Collect$$rtexit$$00000004)
    LED_Init                                 0x080001b5   Thumb Code    44  main.o(.text)
    LED_Callback                             0x080001e1   Thumb Code   236  main.o(.text)
    main                                     0x080002cd   Thumb Code    82  main.o(.text)
    USART1_IRQHandler                        0x08000321   Thumb Code   154  main.o(.text)
    USART1_Init                              0x080003bd   Thumb Code   178  usart.o(.text)
    USART1_Write_Char                        0x08000471   Thumb Code    46  usart.o(.text)
    USART1_Write_String                      0x080004a1   Thumb Code    54  usart.o(.text)
    Delay_us                                 0x080004d9   Thumb Code    84  delay.o(.text)
    Delay_ms                                 0x0800052d   Thumb Code    32  delay.o(.text)
    Delay_s                                  0x0800054d   Thumb Code    32  delay.o(.text)
    str_to_float                             0x0800056d   Thumb Code   590  tinycmd.o(.text)
    TinyCmd_strcpy                           0x08000939   Thumb Code    64  tinycmd.o(.text)
    TinyCmd_Handler                          0x08000979   Thumb Code   264  tinycmd.o(.text)
    TinyCmd_Add_Cmd                          0x08000cd1   Thumb Code    62  tinycmd.o(.text)
    TinyCmd_Arg_Check                        0x08000d11   Thumb Code    56  tinycmd.o(.text)
    TinyCmd_Arg_Get_Len                      0x08000d49   Thumb Code    34  tinycmd.o(.text)
    TinyCmd_Arg_To_Num                       0x08000d95   Thumb Code   636  tinycmd.o(.text)
    itoa                                     0x08001119   Thumb Code   230  tinycmd.o(.text)
    uitoa                                    0x08001201   Thumb Code   160  tinycmd.o(.text)
    dtoa                                     0x080012a1   Thumb Code   188  tinycmd.o(.text)
    send_string                              0x0800135d   Thumb Code    42  tinycmd.o(.text)
    TinyCmd_Report                           0x08001389   Thumb Code   324  tinycmd.o(.text)
    NVIC_PriorityGroupConfig                 0x08001521   Thumb Code    28  misc.o(.text)
    NVIC_Init                                0x0800153d   Thumb Code   166  misc.o(.text)
    NVIC_SetVectorTable                      0x080015e5   Thumb Code    36  misc.o(.text)
    NVIC_SystemLPConfig                      0x08001609   Thumb Code    58  misc.o(.text)
    SysTick_CLKSourceConfig                  0x08001645   Thumb Code    52  misc.o(.text)
    GPIO_DeInit                              0x08001679   Thumb Code   276  stm32f10x_gpio.o(.text)
    GPIO_AFIODeInit                          0x0800178d   Thumb Code    26  stm32f10x_gpio.o(.text)
    GPIO_Init                                0x080017a9   Thumb Code   390  stm32f10x_gpio.o(.text)
    GPIO_StructInit                          0x08001931   Thumb Code    28  stm32f10x_gpio.o(.text)
    GPIO_ReadInputDataBit                    0x0800194d   Thumb Code    52  stm32f10x_gpio.o(.text)
    GPIO_ReadInputData                       0x08001981   Thumb Code    14  stm32f10x_gpio.o(.text)
    GPIO_ReadOutputDataBit                   0x08001991   Thumb Code    52  stm32f10x_gpio.o(.text)
    GPIO_ReadOutputData                      0x080019c5   Thumb Code    14  stm32f10x_gpio.o(.text)
    GPIO_SetBits                             0x080019d5   Thumb Code    20  stm32f10x_gpio.o(.text)
    GPIO_ResetBits                           0x080019e9   Thumb Code    20  stm32f10x_gpio.o(.text)
    GPIO_WriteBit                            0x080019fd   Thumb Code    40  stm32f10x_gpio.o(.text)
    GPIO_Write                               0x08001a25   Thumb Code    20  stm32f10x_gpio.o(.text)
    GPIO_PinLockConfig                       0x08001a39   Thumb Code    60  stm32f10x_gpio.o(.text)
    GPIO_EventOutputConfig                   0x08001a75   Thumb Code    64  stm32f10x_gpio.o(.text)
    GPIO_EventOutputCmd                      0x08001ab5   Thumb Code    18  stm32f10x_gpio.o(.text)
    GPIO_PinRemapConfig                      0x08001ac9   Thumb Code   246  stm32f10x_gpio.o(.text)
    GPIO_EXTILineConfig                      0x08001bc1   Thumb Code    84  stm32f10x_gpio.o(.text)
    GPIO_ETH_MediaInterfaceConfig            0x08001c15   Thumb Code    18  stm32f10x_gpio.o(.text)
    RCC_DeInit                               0x08001c29   Thumb Code    82  stm32f10x_rcc.o(.text)
    RCC_HSEConfig                            0x08001c7d   Thumb Code    92  stm32f10x_rcc.o(.text)
    RCC_WaitForHSEStartUp                    0x08001cd9   Thumb Code    94  stm32f10x_rcc.o(.text)
    RCC_GetFlagStatus                        0x08001d39   Thumb Code   122  stm32f10x_rcc.o(.text)
    RCC_AdjustHSICalibrationValue            0x08001db5   Thumb Code    50  stm32f10x_rcc.o(.text)
    RCC_HSICmd                               0x08001de9   Thumb Code    18  stm32f10x_rcc.o(.text)
    RCC_PLLConfig                            0x08001dfd   Thumb Code    50  stm32f10x_rcc.o(.text)
    RCC_PLLCmd                               0x08001e31   Thumb Code    18  stm32f10x_rcc.o(.text)
    RCC_SYSCLKConfig                         0x08001e45   Thumb Code    44  stm32f10x_rcc.o(.text)
    RCC_GetSYSCLKSource                      0x08001e71   Thumb Code    16  stm32f10x_rcc.o(.text)
    RCC_HCLKConfig                           0x08001e81   Thumb Code    44  stm32f10x_rcc.o(.text)
    RCC_PCLK1Config                          0x08001ead   Thumb Code    44  stm32f10x_rcc.o(.text)
    RCC_PCLK2Config                          0x08001ed9   Thumb Code    46  stm32f10x_rcc.o(.text)
    RCC_ITConfig                             0x08001f09   Thumb Code    58  stm32f10x_rcc.o(.text)
    RCC_USBCLKConfig                         0x08001f45   Thumb Code    18  stm32f10x_rcc.o(.text)
    RCC_ADCCLKConfig                         0x08001f59   Thumb Code    44  stm32f10x_rcc.o(.text)
    RCC_LSEConfig                            0x08001f85   Thumb Code    76  stm32f10x_rcc.o(.text)
    RCC_LSICmd                               0x08001fd1   Thumb Code    20  stm32f10x_rcc.o(.text)
    RCC_RTCCLKConfig                         0x08001fe5   Thumb Code    24  stm32f10x_rcc.o(.text)
    RCC_RTCCLKCmd                            0x08001ffd   Thumb Code    20  stm32f10x_rcc.o(.text)
    RCC_GetClocksFreq                        0x08002011   Thumb Code   370  stm32f10x_rcc.o(.text)
    RCC_AHBPeriphClockCmd                    0x08002185   Thumb Code    52  stm32f10x_rcc.o(.text)
    RCC_APB2PeriphClockCmd                   0x080021b9   Thumb Code    52  stm32f10x_rcc.o(.text)
    RCC_APB1PeriphClockCmd                   0x080021ed   Thumb Code    52  stm32f10x_rcc.o(.text)
    RCC_APB2PeriphResetCmd                   0x08002221   Thumb Code    52  stm32f10x_rcc.o(.text)
    RCC_APB1PeriphResetCmd                   0x08002255   Thumb Code    52  stm32f10x_rcc.o(.text)
    RCC_BackupResetCmd                       0x08002289   Thumb Code    20  stm32f10x_rcc.o(.text)
    RCC_ClockSecuritySystemCmd               0x0800229d   Thumb Code    18  stm32f10x_rcc.o(.text)
    RCC_MCOConfig                            0x080022b1   Thumb Code    24  stm32f10x_rcc.o(.text)
    RCC_ClearFlag                            0x080022c9   Thumb Code    18  stm32f10x_rcc.o(.text)
    RCC_GetITStatus                          0x080022dd   Thumb Code    48  stm32f10x_rcc.o(.text)
    RCC_ClearITPendingBit                    0x0800230d   Thumb Code    24  stm32f10x_rcc.o(.text)
    USART_DeInit                             0x08002325   Thumb Code   208  stm32f10x_usart.o(.text)
    USART_Init                               0x080023f5   Thumb Code   348  stm32f10x_usart.o(.text)
    USART_StructInit                         0x08002551   Thumb Code    40  stm32f10x_usart.o(.text)
    USART_ClockInit                          0x08002579   Thumb Code    58  stm32f10x_usart.o(.text)
    USART_ClockStructInit                    0x080025b5   Thumb Code    26  stm32f10x_usart.o(.text)
    USART_Cmd                                0x080025d1   Thumb Code    40  stm32f10x_usart.o(.text)
    USART_ITConfig                           0x080025f9   Thumb Code   142  stm32f10x_usart.o(.text)
    USART_DMACmd                             0x08002689   Thumb Code    48  stm32f10x_usart.o(.text)
    USART_SetAddress                         0x080026b9   Thumb Code    34  stm32f10x_usart.o(.text)
    USART_WakeUpConfig                       0x080026dd   Thumb Code    34  stm32f10x_usart.o(.text)
    USART_ReceiverWakeUpCmd                  0x08002701   Thumb Code    40  stm32f10x_usart.o(.text)
    USART_LINBreakDetectLengthConfig         0x08002729   Thumb Code    34  stm32f10x_usart.o(.text)
    USART_LINCmd                             0x0800274d   Thumb Code    40  stm32f10x_usart.o(.text)
    USART_SendData                           0x08002775   Thumb Code    24  stm32f10x_usart.o(.text)
    USART_ReceiveData                        0x0800278d   Thumb Code    16  stm32f10x_usart.o(.text)
    USART_SendBreak                          0x0800279d   Thumb Code    18  stm32f10x_usart.o(.text)
    USART_SetGuardTime                       0x080027b1   Thumb Code    34  stm32f10x_usart.o(.text)
    USART_SetPrescaler                       0x080027d5   Thumb Code    34  stm32f10x_usart.o(.text)
    USART_SmartCardCmd                       0x080027f9   Thumb Code    40  stm32f10x_usart.o(.text)
    USART_SmartCardNACKCmd                   0x08002821   Thumb Code    40  stm32f10x_usart.o(.text)
    USART_HalfDuplexCmd                      0x08002849   Thumb Code    40  stm32f10x_usart.o(.text)
    USART_OverSampling8Cmd                   0x08002871   Thumb Code    40  stm32f10x_usart.o(.text)
    USART_OneBitMethodCmd                    0x08002899   Thumb Code    40  stm32f10x_usart.o(.text)
    USART_IrDAConfig                         0x080028c1   Thumb Code    34  stm32f10x_usart.o(.text)
    USART_IrDACmd                            0x080028e5   Thumb Code    40  stm32f10x_usart.o(.text)
    USART_GetFlagStatus                      0x0800290d   Thumb Code    60  stm32f10x_usart.o(.text)
    USART_ClearFlag                          0x08002949   Thumb Code    36  stm32f10x_usart.o(.text)
    USART_GetITStatus                        0x0800296d   Thumb Code   168  stm32f10x_usart.o(.text)
    USART_ClearITPendingBit                  0x08002a15   Thumb Code    68  stm32f10x_usart.o(.text)
    Reset_Handler                            0x08002a59   Thumb Code     8  startup_stm32f10x_md.o(.text)
    NMI_Handler                              0x08002a61   Thumb Code     2  startup_stm32f10x_md.o(.text)
    HardFault_Handler                        0x08002a63   Thumb Code     2  startup_stm32f10x_md.o(.text)
    MemManage_Handler                        0x08002a65   Thumb Code     2  startup_stm32f10x_md.o(.text)
    BusFault_Handler                         0x08002a67   Thumb Code     2  startup_stm32f10x_md.o(.text)
    UsageFault_Handler                       0x08002a69   Thumb Code     2  startup_stm32f10x_md.o(.text)
    SVC_Handler                              0x08002a6b   Thumb Code     2  startup_stm32f10x_md.o(.text)
    DebugMon_Handler                         0x08002a6d   Thumb Code     2  startup_stm32f10x_md.o(.text)
    PendSV_Handler                           0x08002a6f   Thumb Code     2  startup_stm32f10x_md.o(.text)
    SysTick_Handler                          0x08002a71   Thumb Code     2  startup_stm32f10x_md.o(.text)
    ADC1_2_IRQHandler                        0x08002a73   Thumb Code     0  startup_stm32f10x_md.o(.text)
    CAN1_RX1_IRQHandler                      0x08002a73   Thumb Code     0  startup_stm32f10x_md.o(.text)
    CAN1_SCE_IRQHandler                      0x08002a73   Thumb Code     0  startup_stm32f10x_md.o(.text)
    DMA1_Channel1_IRQHandler                 0x08002a73   Thumb Code     0  startup_stm32f10x_md.o(.text)
    DMA1_Channel2_IRQHandler                 0x08002a73   Thumb Code     0  startup_stm32f10x_md.o(.text)
    DMA1_Channel3_IRQHandler                 0x08002a73   Thumb Code     0  startup_stm32f10x_md.o(.text)
    DMA1_Channel4_IRQHandler                 0x08002a73   Thumb Code     0  startup_stm32f10x_md.o(.text)
    DMA1_Channel5_IRQHandler                 0x08002a73   Thumb Code     0  startup_stm32f10x_md.o(.text)
    DMA1_Channel6_IRQHandler                 0x08002a73   Thumb Code     0  startup_stm32f10x_md.o(.text)
    DMA1_Channel7_IRQHandler                 0x08002a73   Thumb Code     0  startup_stm32f10x_md.o(.text)
    EXTI0_IRQHandler                         0x08002a73   Thumb Code     0  startup_stm32f10x_md.o(.text)
    EXTI15_10_IRQHandler                     0x08002a73   Thumb Code     0  startup_stm32f10x_md.o(.text)
    EXTI1_IRQHandler                         0x08002a73   Thumb Code     0  startup_stm32f10x_md.o(.text)
    EXTI2_IRQHandler                         0x08002a73   Thumb Code     0  startup_stm32f10x_md.o(.text)
    EXTI3_IRQHandler                         0x08002a73   Thumb Code     0  startup_stm32f10x_md.o(.text)
    EXTI4_IRQHandler                         0x08002a73   Thumb Code     0  startup_stm32f10x_md.o(.text)
    EXTI9_5_IRQHandler                       0x08002a73   Thumb Code     0  startup_stm32f10x_md.o(.text)
    FLASH_IRQHandler                         0x08002a73   Thumb Code     0  startup_stm32f10x_md.o(.text)
    I2C1_ER_IRQHandler                       0x08002a73   Thumb Code     0  startup_stm32f10x_md.o(.text)
    I2C1_EV_IRQHandler                       0x08002a73   Thumb Code     0  startup_stm32f10x_md.o(.text)
    I2C2_ER_IRQHandler                       0x08002a73   Thumb Code     0  startup_stm32f10x_md.o(.text)
    I2C2_EV_IRQHandler                       0x08002a73   Thumb Code     0  startup_stm32f10x_md.o(.text)
    PVD_IRQHandler                           0x08002a73   Thumb Code     0  startup_stm32f10x_md.o(.text)
    RCC_IRQHandler                           0x08002a73   Thumb Code     0  startup_stm32f10x_md.o(.text)
    RTCAlarm_IRQHandler                      0x08002a73   Thumb Code     0  startup_stm32f10x_md.o(.text)
    RTC_IRQHandler                           0x08002a73   Thumb Code     0  startup_stm32f10x_md.o(.text)
    SPI1_IRQHandler                          0x08002a73   Thumb Code     0  startup_stm32f10x_md.o(.text)
    SPI2_IRQHandler                          0x08002a73   Thumb Code     0  startup_stm32f10x_md.o(.text)
    TAMPER_IRQHandler                        0x08002a73   Thumb Code     0  startup_stm32f10x_md.o(.text)
    TIM1_BRK_IRQHandler                      0x08002a73   Thumb Code     0  startup_stm32f10x_md.o(.text)
    TIM1_CC_IRQHandler                       0x08002a73   Thumb Code     0  startup_stm32f10x_md.o(.text)
    TIM1_TRG_COM_IRQHandler                  0x08002a73   Thumb Code     0  startup_stm32f10x_md.o(.text)
    TIM1_UP_IRQHandler                       0x08002a73   Thumb Code     0  startup_stm32f10x_md.o(.text)
    TIM2_IRQHandler                          0x08002a73   Thumb Code     0  startup_stm32f10x_md.o(.text)
    TIM3_IRQHandler                          0x08002a73   Thumb Code     0  startup_stm32f10x_md.o(.text)
    TIM4_IRQHandler                          0x08002a73   Thumb Code     0  startup_stm32f10x_md.o(.text)
    USART2_IRQHandler                        0x08002a73   Thumb Code     0  startup_stm32f10x_md.o(.text)
    USART3_IRQHandler                        0x08002a73   Thumb Code     0  startup_stm32f10x_md.o(.text)
    USBWakeUp_IRQHandler                     0x08002a73   Thumb Code     0  startup_stm32f10x_md.o(.text)
    USB_HP_CAN1_TX_IRQHandler                0x08002a73   Thumb Code     0  startup_stm32f10x_md.o(.text)
    USB_LP_CAN1_RX0_IRQHandler               0x08002a73   Thumb Code     0  startup_stm32f10x_md.o(.text)
    WWDG_IRQHandler                          0x08002a73   Thumb Code     0  startup_stm32f10x_md.o(.text)
    __user_initial_stackheap                 0x08002a75   Thumb Code     0  startup_stm32f10x_md.o(.text)
    SystemInit                               0x08002a99   Thumb Code   102  system_stm32f10x.o(.text)
    SystemCoreClockUpdate                    0x08002b09   Thumb Code   290  system_stm32f10x.o(.text)
    __use_two_region_memory                  0x08002d4f   Thumb Code     2  heapauxi.o(.text)
    __rt_heap_escrow$2region                 0x08002d51   Thumb Code     2  heapauxi.o(.text)
    __rt_heap_expand$2region                 0x08002d53   Thumb Code     2  heapauxi.o(.text)
    __user_setup_stackheap                   0x08002d55   Thumb Code    74  sys_stackheap_outer.o(.text)
    exit                                     0x08002d9f   Thumb Code    18  exit.o(.text)
    __user_libspace                          0x08002db1   Thumb Code     8  libspace.o(.text)
    __user_perproc_libspace                  0x08002db1   Thumb Code     0  libspace.o(.text)
    __user_perthread_libspace                0x08002db1   Thumb Code     0  libspace.o(.text)
    _sys_exit                                0x08002db9   Thumb Code     8  sys_exit.o(.text)
    __I$use$semihosting                      0x08002dc5   Thumb Code     0  use_no_semi.o(.text)
    __use_no_semihosting_swi                 0x08002dc5   Thumb Code     2  use_no_semi.o(.text)
    __semihosting_library_function           0x08002dc7   Thumb Code     0  indicate_semi.o(.text)
    __aeabi_d2f                              0x08002dc9   Thumb Code     0  d2f.o(x$fpl$d2f)
    _d2f                                     0x08002dc9   Thumb Code    98  d2f.o(x$fpl$d2f)
    __aeabi_dadd                             0x08002e2d   Thumb Code     0  daddsub_clz.o(x$fpl$dadd)
    _dadd                                    0x08002e2d   Thumb Code   332  daddsub_clz.o(x$fpl$dadd)
    __aeabi_ddiv                             0x08002f7d   Thumb Code     0  ddiv.o(x$fpl$ddiv)
    _ddiv                                    0x08002f7d   Thumb Code   560  ddiv.o(x$fpl$ddiv)
    __aeabi_d2iz                             0x08003235   Thumb Code     0  dfix.o(x$fpl$dfix)
    _dfix                                    0x08003235   Thumb Code    94  dfix.o(x$fpl$dfix)
    __aeabi_i2d                              0x08003293   Thumb Code     0  dflt_clz.o(x$fpl$dflt)
    _dflt                                    0x08003293   Thumb Code    46  dflt_clz.o(x$fpl$dflt)
    __aeabi_dmul                             0x080032c1   Thumb Code     0  dmul.o(x$fpl$dmul)
    _dmul                                    0x080032c1   Thumb Code   332  dmul.o(x$fpl$dmul)
    __fpl_dnaninf                            0x08003415   Thumb Code   156  dnaninf.o(x$fpl$dnaninf)
    __fpl_dretinf                            0x080034b1   Thumb Code    12  dretinf.o(x$fpl$dretinf)
    __aeabi_dsub                             0x080034bd   Thumb Code     0  daddsub_clz.o(x$fpl$dsub)
    _dsub                                    0x080034bd   Thumb Code   472  daddsub_clz.o(x$fpl$dsub)
    __fpl_fretinf                            0x08003699   Thumb Code    10  fretinf.o(x$fpl$fretinf)
    __I$use$fp                               0x080036a2   Number         0  usenofp.o(x$fpl$usenofp)
    AHBPrescTable                            0x080036a6   Data          16  system_stm32f10x.o(.rodata.AHBPrescTable)
    Region$$Table$$Base                      0x08003710   Number         0  anon$$obj.o(Region$$Table)
    Region$$Table$$Limit                     0x08003730   Number         0  anon$$obj.o(Region$$Table)
    Cmd1                                     0x20000000   Data           8  main.o(.data.Cmd1)
    SystemCoreClock                          0x20000008   Data           4  system_stm32f10x.o(.data.SystemCoreClock)
    __libspace_start                         0x20000010   Data          96  libspace.o(.bss)
    TinyCmdRunning_Cmd                       0x20000070   Data          28  tinycmd.o(.bss.TinyCmdRunning_Cmd)
    __temporary_stack_top$libspace           0x20000070   Data           0  libspace.o(.bss)
    TinyCmd_SendChar                         0x2000008c   Data           4  tinycmd.o(.bss.TinyCmd_SendChar)
    TinyCmd_buf                              0x20000090   Data          72  tinycmd.o(.bss.TinyCmd_buf)
    token_count                              0x200000dc   Data           1  tinycmd.o(.bss.token_count)



==============================================================================

Memory Map of the image

  Image Entry point : 0x080000ed

  Load Region LR_IROM1 (Base: 0x08000000, Size: 0x00003740, Max: 0x00010000, ABSOLUTE)

    Execution Region ER_IROM1 (Exec base: 0x08000000, Load base: 0x08000000, Size: 0x00003730, Max: 0x00010000, ABSOLUTE)

    Exec Addr    Load Addr    Size         Type   Attr      Idx    E Section Name        Object

    0x08000000   0x08000000   0x000000ec   Data   RO          204    RESET               startup_stm32f10x_md.o
    0x080000ec   0x080000ec   0x00000008   Code   RO          224  * !!!main             c_wu.l(__main.o)
    0x080000f4   0x080000f4   0x0000005c   Code   RO          420    !!!scatter          c_wu.l(__scatter.o)
    0x08000150   0x08000150   0x0000001a   Code   RO          424    !!handler_copy      c_wu.l(__scatter_copy.o)
    0x0800016a   0x0800016a   0x00000002   PAD
    0x0800016c   0x0800016c   0x00000002   Code   RO          421    !!handler_null      c_wu.l(__scatter.o)
    0x0800016e   0x0800016e   0x00000002   PAD
    0x08000170   0x08000170   0x0000001c   Code   RO          426    !!handler_zi        c_wu.l(__scatter_zi.o)
    0x0800018c   0x0800018c   0x00000002   Code   RO          282    .ARM.Collect$$libinit$$00000000  c_wu.l(libinit.o)
    0x0800018e   0x0800018e   0x00000000   Code   RO          289    .ARM.Collect$$libinit$$00000002  c_wu.l(libinit2.o)
    0x0800018e   0x0800018e   0x00000000   Code   RO          291    .ARM.Collect$$libinit$$00000004  c_wu.l(libinit2.o)
    0x0800018e   0x0800018e   0x00000000   Code   RO          293    .ARM.Collect$$libinit$$00000006  c_wu.l(libinit2.o)
    0x0800018e   0x0800018e   0x00000000   Code   RO          296    .ARM.Collect$$libinit$$0000000C  c_wu.l(libinit2.o)
    0x0800018e   0x0800018e   0x00000000   Code   RO          298    .ARM.Collect$$libinit$$0000000E  c_wu.l(libinit2.o)
    0x0800018e   0x0800018e   0x00000000   Code   RO          300    .ARM.Collect$$libinit$$00000010  c_wu.l(libinit2.o)
    0x0800018e   0x0800018e   0x00000000   Code   RO          303    .ARM.Collect$$libinit$$00000013  c_wu.l(libinit2.o)
    0x0800018e   0x0800018e   0x00000000   Code   RO          305    .ARM.Collect$$libinit$$00000015  c_wu.l(libinit2.o)
    0x0800018e   0x0800018e   0x00000000   Code   RO          307    .ARM.Collect$$libinit$$00000017  c_wu.l(libinit2.o)
    0x0800018e   0x0800018e   0x00000000   Code   RO          309    .ARM.Collect$$libinit$$00000019  c_wu.l(libinit2.o)
    0x0800018e   0x0800018e   0x00000000   Code   RO          311    .ARM.Collect$$libinit$$0000001B  c_wu.l(libinit2.o)
    0x0800018e   0x0800018e   0x00000000   Code   RO          313    .ARM.Collect$$libinit$$0000001D  c_wu.l(libinit2.o)
    0x0800018e   0x0800018e   0x00000000   Code   RO          315    .ARM.Collect$$libinit$$0000001F  c_wu.l(libinit2.o)
    0x0800018e   0x0800018e   0x00000000   Code   RO          317    .ARM.Collect$$libinit$$00000021  c_wu.l(libinit2.o)
    0x0800018e   0x0800018e   0x00000000   Code   RO          319    .ARM.Collect$$libinit$$00000023  c_wu.l(libinit2.o)
    0x0800018e   0x0800018e   0x00000000   Code   RO          321    .ARM.Collect$$libinit$$00000025  c_wu.l(libinit2.o)
    0x0800018e   0x0800018e   0x00000000   Code   RO          323    .ARM.Collect$$libinit$$00000027  c_wu.l(libinit2.o)
    0x0800018e   0x0800018e   0x00000000   Code   RO          327    .ARM.Collect$$libinit$$0000002E  c_wu.l(libinit2.o)
    0x0800018e   0x0800018e   0x00000000   Code   RO          329    .ARM.Collect$$libinit$$00000030  c_wu.l(libinit2.o)
    0x0800018e   0x0800018e   0x00000000   Code   RO          331    .ARM.Collect$$libinit$$00000032  c_wu.l(libinit2.o)
    0x0800018e   0x0800018e   0x00000000   Code   RO          333    .ARM.Collect$$libinit$$00000034  c_wu.l(libinit2.o)
    0x0800018e   0x0800018e   0x00000002   Code   RO          334    .ARM.Collect$$libinit$$00000035  c_wu.l(libinit2.o)
    0x08000190   0x08000190   0x00000002   Code   RO          356    .ARM.Collect$$libshutdown$$00000000  c_wu.l(libshutdown.o)
    0x08000192   0x08000192   0x00000000   Code   RO          371    .ARM.Collect$$libshutdown$$00000002  c_wu.l(libshutdown2.o)
    0x08000192   0x08000192   0x00000000   Code   RO          373    .ARM.Collect$$libshutdown$$00000004  c_wu.l(libshutdown2.o)
    0x08000192   0x08000192   0x00000000   Code   RO          376    .ARM.Collect$$libshutdown$$00000007  c_wu.l(libshutdown2.o)
    0x08000192   0x08000192   0x00000000   Code   RO          379    .ARM.Collect$$libshutdown$$0000000A  c_wu.l(libshutdown2.o)
    0x08000192   0x08000192   0x00000000   Code   RO          381    .ARM.Collect$$libshutdown$$0000000C  c_wu.l(libshutdown2.o)
    0x08000192   0x08000192   0x00000000   Code   RO          384    .ARM.Collect$$libshutdown$$0000000F  c_wu.l(libshutdown2.o)
    0x08000192   0x08000192   0x00000002   Code   RO          385    .ARM.Collect$$libshutdown$$00000010  c_wu.l(libshutdown2.o)
    0x08000194   0x08000194   0x00000000   Code   RO          250    .ARM.Collect$$rtentry$$00000000  c_wu.l(__rtentry.o)
    0x08000194   0x08000194   0x00000000   Code   RO          259    .ARM.Collect$$rtentry$$00000002  c_wu.l(__rtentry2.o)
    0x08000194   0x08000194   0x00000006   Code   RO          271    .ARM.Collect$$rtentry$$00000004  c_wu.l(__rtentry4.o)
    0x0800019a   0x0800019a   0x00000000   Code   RO          261    .ARM.Collect$$rtentry$$00000009  c_wu.l(__rtentry2.o)
    0x0800019a   0x0800019a   0x00000004   Code   RO          262    .ARM.Collect$$rtentry$$0000000A  c_wu.l(__rtentry2.o)
    0x0800019e   0x0800019e   0x00000000   Code   RO          264    .ARM.Collect$$rtentry$$0000000C  c_wu.l(__rtentry2.o)
    0x0800019e   0x0800019e   0x00000008   Code   RO          265    .ARM.Collect$$rtentry$$0000000D  c_wu.l(__rtentry2.o)
    0x080001a6   0x080001a6   0x00000002   Code   RO          286    .ARM.Collect$$rtexit$$00000000  c_wu.l(rtexit.o)
    0x080001a8   0x080001a8   0x00000000   Code   RO          336    .ARM.Collect$$rtexit$$00000002  c_wu.l(rtexit2.o)
    0x080001a8   0x080001a8   0x00000004   Code   RO          337    .ARM.Collect$$rtexit$$00000003  c_wu.l(rtexit2.o)
    0x080001ac   0x080001ac   0x00000006   Code   RO          338    .ARM.Collect$$rtexit$$00000004  c_wu.l(rtexit2.o)
    0x080001b2   0x080001b2   0x00000002   PAD
    0x080001b4   0x080001b4   0x00000206   Code   RO            1    .text               main.o
    0x080003ba   0x080003ba   0x00000002   PAD
    0x080003bc   0x080003bc   0x0000011a   Code   RO           11    .text               usart.o
    0x080004d6   0x080004d6   0x00000002   PAD
    0x080004d8   0x080004d8   0x00000094   Code   RO           18    .text               delay.o
    0x0800056c   0x0800056c   0x00000fb2   Code   RO           25    .text               tinycmd.o
    0x0800151e   0x0800151e   0x00000002   PAD
    0x08001520   0x08001520   0x00000158   Code   RO           39    .text               misc.o
    0x08001678   0x08001678   0x000005ae   Code   RO          123    .text               stm32f10x_gpio.o
    0x08001c26   0x08001c26   0x00000002   PAD
    0x08001c28   0x08001c28   0x000006fc   Code   RO          151    .text               stm32f10x_rcc.o
    0x08002324   0x08002324   0x00000734   Code   RO          188    .text               stm32f10x_usart.o
    0x08002a58   0x08002a58   0x00000040   Code   RO          205    .text               startup_stm32f10x_md.o
    0x08002a98   0x08002a98   0x000002b6   Code   RO          211    .text               system_stm32f10x.o
    0x08002d4e   0x08002d4e   0x00000006   Code   RO          222    .text               c_wu.l(heapauxi.o)
    0x08002d54   0x08002d54   0x0000004a   Code   RO          273    .text               c_wu.l(sys_stackheap_outer.o)
    0x08002d9e   0x08002d9e   0x00000012   Code   RO          275    .text               c_wu.l(exit.o)
    0x08002db0   0x08002db0   0x00000008   Code   RO          283    .text               c_wu.l(libspace.o)
    0x08002db8   0x08002db8   0x0000000c   Code   RO          346    .text               c_wu.l(sys_exit.o)
    0x08002dc4   0x08002dc4   0x00000002   Code   RO          361    .text               c_wu.l(use_no_semi.o)
    0x08002dc6   0x08002dc6   0x00000000   Code   RO          363    .text               c_wu.l(indicate_semi.o)
    0x08002dc6   0x08002dc6   0x00000002   PAD
    0x08002dc8   0x08002dc8   0x00000062   Code   RO          226    x$fpl$d2f           fz_ws.l(d2f.o)
    0x08002e2a   0x08002e2a   0x00000002   PAD
    0x08002e2c   0x08002e2c   0x00000150   Code   RO          228    x$fpl$dadd          fz_ws.l(daddsub_clz.o)
    0x08002f7c   0x08002f7c   0x000002b8   Code   RO          235    x$fpl$ddiv          fz_ws.l(ddiv.o)
    0x08003234   0x08003234   0x0000005e   Code   RO          238    x$fpl$dfix          fz_ws.l(dfix.o)
    0x08003292   0x08003292   0x0000002e   Code   RO          243    x$fpl$dflt          fz_ws.l(dflt_clz.o)
    0x080032c0   0x080032c0   0x00000154   Code   RO          248    x$fpl$dmul          fz_ws.l(dmul.o)
    0x08003414   0x08003414   0x0000009c   Code   RO          251    x$fpl$dnaninf       fz_ws.l(dnaninf.o)
    0x080034b0   0x080034b0   0x0000000c   Code   RO          253    x$fpl$dretinf       fz_ws.l(dretinf.o)
    0x080034bc   0x080034bc   0x000001dc   Code   RO          230    x$fpl$dsub          fz_ws.l(daddsub_clz.o)
    0x08003698   0x08003698   0x0000000a   Code   RO          255    x$fpl$fretinf       fz_ws.l(fretinf.o)
    0x080036a2   0x080036a2   0x00000000   Code   RO          257    x$fpl$usenofp       fz_ws.l(usenofp.o)
    0x080036a2   0x080036a2   0x00000004   Data   RO          154    .rodata.ADCPrescTable  stm32f10x_rcc.o
    0x080036a6   0x080036a6   0x00000010   Data   RO          214    .rodata.AHBPrescTable  system_stm32f10x.o
    0x080036b6   0x080036b6   0x00000010   Data   RO          153    .rodata.APBAHBPrescTable  stm32f10x_rcc.o
    0x080036c6   0x080036c6   0x00000047   Data   RO            3    .rodata.str1.1      main.o
    0x0800370d   0x0800370d   0x00000002   Data   RO           28    .rodata.str1.1      tinycmd.o
    0x0800370f   0x0800370f   0x00000001   PAD
    0x08003710   0x08003710   0x00000020   Data   RO          419    Region$$Table       anon$$obj.o


    Execution Region RW_IRAM1 (Exec base: 0x20000000, Load base: 0x08003730, Size: 0x000006e0, Max: 0x00005000, ABSOLUTE)

    Exec Addr    Load Addr    Size         Type   Attr      Idx    E Section Name        Object

    0x20000000   0x08003730   0x00000008   Data   RW            4    .data.Cmd1          main.o
    0x20000008   0x08003738   0x00000004   Data   RW          213    .data.SystemCoreClock  system_stm32f10x.o
    0x2000000c   0x0800373c   0x00000004   PAD
    0x20000010        -       0x00000060   Zero   RW          284    .bss                c_wu.l(libspace.o)
    0x20000070        -       0x0000001c   Zero   RW           32    .bss.TinyCmdRunning_Cmd  tinycmd.o
    0x2000008c        -       0x00000004   Zero   RW           27    .bss.TinyCmd_SendChar  tinycmd.o
    0x20000090        -       0x00000048   Zero   RW           29    .bss.TinyCmd_buf    tinycmd.o
    0x200000d8        -       0x00000004   Zero   RW           31    .bss.strtok_next    tinycmd.o
    0x200000dc        -       0x00000001   Zero   RW           30    .bss.token_count    tinycmd.o
    0x200000dd   0x0800373c   0x00000003   PAD
    0x200000e0        -       0x00000200   Zero   RW          203    HEAP                startup_stm32f10x_md.o
    0x200002e0        -       0x00000400   Zero   RW          202    STACK               startup_stm32f10x_md.o


==============================================================================

Image component sizes


      Code (inc. data)   RO Data    RW Data    ZI Data      Debug   Object Name

       148          0          0          0          0       1029   delay.o
       518          0         71          8          0       3187   main.o
       344          0          0          0          0       3265   misc.o
        64         26        236          0       1536        852   startup_stm32f10x_md.o
      1454          0          0          0          0       5362   stm32f10x_gpio.o
      1788          0         20          0          0       6403   stm32f10x_rcc.o
      1844          0          0          0          0       6934   stm32f10x_usart.o
       694          0         16          4          0       2916   system_stm32f10x.o
      4018         26          2          0        109       9152   tinycmd.o
       282          0          0          0          0       3803   usart.o

    ----------------------------------------------------------------------
     11162         52        378         12       1652      42903   Object Totals
         0          0         32          0          0          0   (incl. Generated)
         8          0          1          0          7          0   (incl. Padding)

    ----------------------------------------------------------------------

      Code (inc. data)   RO Data    RW Data    ZI Data      Debug   Library Member Name

         8          0          0          0          0         68   __main.o
         0          0          0          0          0          0   __rtentry.o
        12          0          0          0          0          0   __rtentry2.o
         6          0          0          0          0          0   __rtentry4.o
        94          8          0          0          0          0   __scatter.o
        26          0          0          0          0          0   __scatter_copy.o
        28          0          0          0          0          0   __scatter_zi.o
        18          0          0          0          0         80   exit.o
         6          0          0          0          0        152   heapauxi.o
         0          0          0          0          0          0   indicate_semi.o
         2          0          0          0          0          0   libinit.o
         2          0          0          0          0          0   libinit2.o
         2          0          0          0          0          0   libshutdown.o
         2          0          0          0          0          0   libshutdown2.o
         8          4          0          0         96         68   libspace.o
         2          0          0          0          0          0   rtexit.o
        10          0          0          0          0          0   rtexit2.o
        12          4          0          0          0         68   sys_exit.o
        74          0          0          0          0         80   sys_stackheap_outer.o
         2          0          0          0          0         68   use_no_semi.o
        98          4          0          0          0         92   d2f.o
       812         16          0          0          0        296   daddsub_clz.o
       696        140          0          0          0        216   ddiv.o
        94          4          0          0          0         92   dfix.o
        46          0          0          0          0         68   dflt_clz.o
       340         12          0          0          0        104   dmul.o
       156          4          0          0          0         92   dnaninf.o
        12          0          0          0          0         68   dretinf.o
        10          0          0          0          0         68   fretinf.o
         0          0          0          0          0          0   usenofp.o

    ----------------------------------------------------------------------
      2588        196          0          0         96       1680   Library Totals
        10          0          0          0          0          0   (incl. Padding)

    ----------------------------------------------------------------------

      Code (inc. data)   RO Data    RW Data    ZI Data      Debug   Library Name

       314         16          0          0         96        584   c_wu.l
      2264        180          0          0          0       1096   fz_ws.l

    ----------------------------------------------------------------------
      2588        196          0          0         96       1680   Library Totals

    ----------------------------------------------------------------------

==============================================================================


      Code (inc. data)   RO Data    RW Data    ZI Data      Debug   

     13750        248        378         12       1748      43863   Grand Totals
     13750        248        378         12       1748      43863   ELF Image Totals
     13750        248        378         12          0          0   ROM Totals

==============================================================================

    Total RO  Size (Code + RO Data)                14128 (  13.80kB)
    Total RW  Size (RW Data + ZI Data)              1760 (   1.72kB)
    Total ROM Size (Code + RO Data + RW Data)      14140 (  13.81kB)

==============================================================================

